Archive member included to satisfy reference by file (symbol)

C:/ST/STM32CubeIDE_1.14.1/STM32CubeIDE/plugins/com.st.stm32cube.ide.mcu.externaltools.gnu-tools-for-stm32.11.3.rel1.win32_1.1.100.202309141235/tools/bin/../lib/gcc/arm-none-eabi/11.3.1/../../../../arm-none-eabi/lib/thumb/v7e-m+fp/hard\libc_nano.a(libc_a-atoi.o)
                              ./Drivers/Communication/communication.o (atoi)
C:/ST/STM32CubeIDE_1.14.1/STM32CubeIDE/plugins/com.st.stm32cube.ide.mcu.externaltools.gnu-tools-for-stm32.11.3.rel1.win32_1.1.100.202309141235/tools/bin/../lib/gcc/arm-none-eabi/11.3.1/../../../../arm-none-eabi/lib/thumb/v7e-m+fp/hard\libc_nano.a(libc_a-exit.o)
                              C:/ST/STM32CubeIDE_1.14.1/STM32CubeIDE/plugins/com.st.stm32cube.ide.mcu.externaltools.gnu-tools-for-stm32.11.3.rel1.win32_1.1.100.202309141235/tools/bin/../lib/gcc/arm-none-eabi/11.3.1/../../../../arm-none-eabi/lib/thumb/v7e-m+fp/hard/crt0.o (exit)
C:/ST/STM32CubeIDE_1.14.1/STM32CubeIDE/plugins/com.st.stm32cube.ide.mcu.externaltools.gnu-tools-for-stm32.11.3.rel1.win32_1.1.100.202309141235/tools/bin/../lib/gcc/arm-none-eabi/11.3.1/../../../../arm-none-eabi/lib/thumb/v7e-m+fp/hard\libc_nano.a(libc_a-malloc.o)
                              ./Drivers/Display/skins.o (malloc)
C:/ST/STM32CubeIDE_1.14.1/STM32CubeIDE/plugins/com.st.stm32cube.ide.mcu.externaltools.gnu-tools-for-stm32.11.3.rel1.win32_1.1.100.202309141235/tools/bin/../lib/gcc/arm-none-eabi/11.3.1/../../../../arm-none-eabi/lib/thumb/v7e-m+fp/hard\libc_nano.a(libc_a-mallocr.o)
                              C:/ST/STM32CubeIDE_1.14.1/STM32CubeIDE/plugins/com.st.stm32cube.ide.mcu.externaltools.gnu-tools-for-stm32.11.3.rel1.win32_1.1.100.202309141235/tools/bin/../lib/gcc/arm-none-eabi/11.3.1/../../../../arm-none-eabi/lib/thumb/v7e-m+fp/hard\libc_nano.a(libc_a-malloc.o) (_malloc_r)
C:/ST/STM32CubeIDE_1.14.1/STM32CubeIDE/plugins/com.st.stm32cube.ide.mcu.externaltools.gnu-tools-for-stm32.11.3.rel1.win32_1.1.100.202309141235/tools/bin/../lib/gcc/arm-none-eabi/11.3.1/../../../../arm-none-eabi/lib/thumb/v7e-m+fp/hard\libc_nano.a(libc_a-mlock.o)
                              C:/ST/STM32CubeIDE_1.14.1/STM32CubeIDE/plugins/com.st.stm32cube.ide.mcu.externaltools.gnu-tools-for-stm32.11.3.rel1.win32_1.1.100.202309141235/tools/bin/../lib/gcc/arm-none-eabi/11.3.1/../../../../arm-none-eabi/lib/thumb/v7e-m+fp/hard\libc_nano.a(libc_a-mallocr.o) (__malloc_lock)
C:/ST/STM32CubeIDE_1.14.1/STM32CubeIDE/plugins/com.st.stm32cube.ide.mcu.externaltools.gnu-tools-for-stm32.11.3.rel1.win32_1.1.100.202309141235/tools/bin/../lib/gcc/arm-none-eabi/11.3.1/../../../../arm-none-eabi/lib/thumb/v7e-m+fp/hard\libc_nano.a(libc_a-strtol.o)
                              C:/ST/STM32CubeIDE_1.14.1/STM32CubeIDE/plugins/com.st.stm32cube.ide.mcu.externaltools.gnu-tools-for-stm32.11.3.rel1.win32_1.1.100.202309141235/tools/bin/../lib/gcc/arm-none-eabi/11.3.1/../../../../arm-none-eabi/lib/thumb/v7e-m+fp/hard\libc_nano.a(libc_a-atoi.o) (_strtol_r)
C:/ST/STM32CubeIDE_1.14.1/STM32CubeIDE/plugins/com.st.stm32cube.ide.mcu.externaltools.gnu-tools-for-stm32.11.3.rel1.win32_1.1.100.202309141235/tools/bin/../lib/gcc/arm-none-eabi/11.3.1/../../../../arm-none-eabi/lib/thumb/v7e-m+fp/hard\libc_nano.a(libc_a-ctype_.o)
                              C:/ST/STM32CubeIDE_1.14.1/STM32CubeIDE/plugins/com.st.stm32cube.ide.mcu.externaltools.gnu-tools-for-stm32.11.3.rel1.win32_1.1.100.202309141235/tools/bin/../lib/gcc/arm-none-eabi/11.3.1/../../../../arm-none-eabi/lib/thumb/v7e-m+fp/hard\libc_nano.a(libc_a-strtol.o) (_ctype_)
C:/ST/STM32CubeIDE_1.14.1/STM32CubeIDE/plugins/com.st.stm32cube.ide.mcu.externaltools.gnu-tools-for-stm32.11.3.rel1.win32_1.1.100.202309141235/tools/bin/../lib/gcc/arm-none-eabi/11.3.1/../../../../arm-none-eabi/lib/thumb/v7e-m+fp/hard\libc_nano.a(libc_a-findfp.o)
                              C:/ST/STM32CubeIDE_1.14.1/STM32CubeIDE/plugins/com.st.stm32cube.ide.mcu.externaltools.gnu-tools-for-stm32.11.3.rel1.win32_1.1.100.202309141235/tools/bin/../lib/gcc/arm-none-eabi/11.3.1/../../../../arm-none-eabi/lib/thumb/v7e-m+fp/hard\libc_nano.a(libc_a-exit.o) (__stdio_exit_handler)
C:/ST/STM32CubeIDE_1.14.1/STM32CubeIDE/plugins/com.st.stm32cube.ide.mcu.externaltools.gnu-tools-for-stm32.11.3.rel1.win32_1.1.100.202309141235/tools/bin/../lib/gcc/arm-none-eabi/11.3.1/../../../../arm-none-eabi/lib/thumb/v7e-m+fp/hard\libc_nano.a(libc_a-fwalk.o)
                              C:/ST/STM32CubeIDE_1.14.1/STM32CubeIDE/plugins/com.st.stm32cube.ide.mcu.externaltools.gnu-tools-for-stm32.11.3.rel1.win32_1.1.100.202309141235/tools/bin/../lib/gcc/arm-none-eabi/11.3.1/../../../../arm-none-eabi/lib/thumb/v7e-m+fp/hard\libc_nano.a(libc_a-findfp.o) (_fwalk_sglue)
C:/ST/STM32CubeIDE_1.14.1/STM32CubeIDE/plugins/com.st.stm32cube.ide.mcu.externaltools.gnu-tools-for-stm32.11.3.rel1.win32_1.1.100.202309141235/tools/bin/../lib/gcc/arm-none-eabi/11.3.1/../../../../arm-none-eabi/lib/thumb/v7e-m+fp/hard\libc_nano.a(libc_a-printf.o)
[...]
Memory Configuration

Name             Origin             Length             Attributes
RAM              0x0000000020000000 0x0000000000018000 xrw
RAM2             0x0000000010000000 0x0000000000008000 xrw
FLASH            0x0000000008000000 0x0000000000100000 xr
*default*        0x0000000000000000 0xffffffffffffffff

Linker script and memory map

LOAD C:/ST/STM32CubeIDE_1.14.1/STM32CubeIDE/plugins/com.st.stm32cube.ide.mcu.externaltools.gnu-tools-for-stm32.11.3.rel1.win32_1.1.100.202309141235/tools/bin/../lib/gcc/arm-none-eabi/11.3.1/thumb/v7e-m+fp/hard/crti.o
LOAD C:/ST/STM32CubeIDE_1.14.1/STM32CubeIDE/plugins/com.st.stm32cube.ide.mcu.externaltools.gnu-tools-for-stm32.11.3.rel1.win32_1.1.100.202309141235/tools/bin/../lib/gcc/arm-none-eabi/11.3.1/thumb/v7e-m+fp/hard/crtbegin.o
LOAD C:/ST/STM32CubeIDE_1.14.1/STM32CubeIDE/plugins/com.st.stm32cube.ide.mcu.externaltools.gnu-tools-for-stm32.11.3.rel1.win32_1.1.100.202309141235/tools/bin/../lib/gcc/arm-none-eabi/11.3.1/../../../../arm-none-eabi/lib/thumb/v7e-m+fp/hard/crt0.o
LOAD ./Core/Src/loopback.o
LOAD ./Core/Src/main.o
LOAD ./Core/Src/stm32l4xx_hal_msp.o
LOAD ./Core/Src/stm32l4xx_it.o
LOAD ./Core/Src/syscalls.o
LOAD ./Core/Src/sysmem.o
LOAD ./Core/Src/system_stm32l4xx.o
LOAD ./Core/Startup/startup_stm32l476rgtx.o
LOAD ./Drivers/Communication/communication.o
LOAD ./Drivers/Device/device.o
LOAD ./Drivers/Display/DEV_Config.o
LOAD ./Drivers/Display/EPD_7in5_V2.o
LOAD ./Drivers/Display/GUI_Paint.o
LOAD ./Drivers/Display/skins.o
LOAD ./Drivers/Ethernet/W5100/w5100.o
LOAD ./Drivers/Ethernet/W5100S/w5100s.o
LOAD ./Drivers/Ethernet/W5200/w5200.o
LOAD ./Drivers/Ethernet/W5300/w5300.o
LOAD ./Drivers/Ethernet/W5500/w5500.o
LOAD ./Drivers/Ethernet/dhcp.o
LOAD ./Drivers/Ethernet/socket.o
LOAD ./Drivers/Ethernet/wizchip_conf.o
LOAD ./Drivers/STM32L4xx_HAL_Driver/Src/stm32l4xx_hal.o
LOAD ./Drivers/STM32L4xx_HAL_Driver/Src/stm32l4xx_hal_cortex.o
LOAD ./Drivers/STM32L4xx_HAL_Driver/Src/stm32l4xx_hal_dma.o
LOAD ./Drivers/STM32L4xx_HAL_Driver/Src/stm32l4xx_hal_dma_ex.o
LOAD ./Drivers/STM32L4xx_HAL_Driver/Src/stm32l4xx_hal_exti.o
LOAD ./Drivers/STM32L4xx_HAL_Driver/Src/stm32l4xx_hal_flash.o
LOAD ./Drivers/STM32L4xx_HAL_Driver/Src/stm32l4xx_hal_flash_ex.o
LOAD ./Drivers/STM32L4xx_HAL_Driver/Src/stm32l4xx_hal_flash_ramfunc.o
LOAD ./Drivers/STM32L4xx_HAL_Driver/Src/stm32l4xx_hal_gpio.o
LOAD ./Drivers/STM32L4xx_HAL_Driver/Src/stm32l4xx_hal_i2c.o
LOAD ./Drivers/STM32L4xx_HAL_Driver/Src/stm32l4xx_hal_i2c_ex.o
LOAD ./Drivers/STM32L4xx_HAL_Driver/Src/stm32l4xx_hal_pwr.o
LOAD ./Drivers/STM32L4xx_HAL_Driver/Src/stm32l4xx_hal_pwr_ex.o
LOAD ./Drivers/STM32L4xx_HAL_Driver/Src/stm32l4xx_hal_rcc.o
LOAD ./Drivers/STM32L4xx_HAL_Driver/Src/stm32l4xx_hal_rcc_ex.o
LOAD ./Drivers/STM32L4xx_HAL_Driver/Src/stm32l4xx_hal_rtc.o
LOAD ./Drivers/STM32L4xx_HAL_Driver/Src/stm32l4xx_hal_rtc_ex.o
LOAD ./Drivers/STM32L4xx_HAL_Driver/Src/stm32l4xx_hal_spi.o
LOAD ./Drivers/STM32L4xx_HAL_Driver/Src/stm32l4xx_hal_spi_ex.o
LOAD ./Drivers/STM32L4xx_HAL_Driver/Src/stm32l4xx_hal_tim.o
LOAD ./Drivers/STM32L4xx_HAL_Driver/Src/stm32l4xx_hal_tim_ex.o
LOAD ./Fonts/font12.o
LOAD ./Fonts/font12CN.o
LOAD ./Fonts/font16.o
LOAD ./Fonts/font20.o
LOAD ./Fonts/font24.o
LOAD ./Fonts/font24CN.o
LOAD ./Fonts/font8.o
LOAD ./Fonts/font_lucida_12.o
LOAD ./Fonts/font_lucida_18.o
LOAD ./Fonts/font_lucida_18b.o
LOAD ./Fonts/font_lucida_24b.o
LOAD ./Fonts/font_lucida_30b.o
LOAD ./Fonts/font_lucida_80b.o
START GROUP
LOAD C:/ST/STM32CubeIDE_1.14.1/STM32CubeIDE/plugins/com.st.stm32cube.ide.mcu.externaltools.gnu-tools-for-stm32.11.3.rel1.win32_1.1.100.202309141235/tools/bin/../lib/gcc/arm-none-eabi/11.3.1/../../../../arm-none-eabi/lib/thumb/v7e-m+fp/hard\libc_nano.a
LOAD C:/ST/STM32CubeIDE_1.14.1/STM32CubeIDE/plugins/com.st.stm32cube.ide.mcu.externaltools.gnu-tools-for-stm32.11.3.rel1.win32_1.1.100.202309141235/tools/bin/../lib/gcc/arm-none-eabi/11.3.1/../../../../arm-none-eabi/lib/thumb/v7e-m+fp/hard\libm.a
END GROUP
START GROUP
LOAD C:/ST/STM32CubeIDE_1.14.1/STM32CubeIDE/plugins/com.st.stm32cube.ide.mcu.externaltools.gnu-tools-for-stm32.11.3.rel1.win32_1.1.100.202309141235/tools/bin/../lib/gcc/arm-none-eabi/11.3.1/thumb/v7e-m+fp/hard\libgcc.a
LOAD C:/ST/STM32CubeIDE_1.14.1/STM32CubeIDE/plugins/com.st.stm32cube.ide.mcu.externaltools.gnu-tools-for-stm32.11.3.rel1.win32_1.1.100.202309141235/tools/bin/../lib/gcc/arm-none-eabi/11.3.1/../../../../arm-none-eabi/lib/thumb/v7e-m+fp/hard\libc_nano.a
END GROUP
START GROUP
LOAD C:/ST/STM32CubeIDE_1.14.1/STM32CubeIDE/plugins/com.st.stm32cube.ide.mcu.externaltools.gnu-tools-for-stm32.11.3.rel1.win32_1.1.100.202309141235/tools/bin/../lib/gcc/arm-none-eabi/11.3.1/thumb/v7e-m+fp/hard\libgcc.a
LOAD C:/ST/STM32CubeIDE_1.14.1/STM32CubeIDE/plugins/com.st.stm32cube.ide.mcu.externaltools.gnu-tools-for-stm32.11.3.rel1.win32_1.1.100.202309141235/tools/bin/../lib/gcc/arm-none-eabi/11.3.1/../../../../arm-none-eabi/lib/thumb/v7e-m+fp/hard\libc_nano.a
LOAD C:/ST/STM32CubeIDE_1.14.1/STM32CubeIDE/plugins/com.st.stm32cube.ide.mcu.externaltools.gnu-tools-for-stm32.11.3.rel1.win32_1.1.100.202309141235/tools/bin/../lib/gcc/arm-none-eabi/11.3.1/../../../../arm-none-eabi/lib/thumb/v7e-m+fp/hard\libnosys.a
END GROUP
START GROUP
LOAD C:/ST/STM32CubeIDE_1.14.1/STM32CubeIDE/plugins/com.st.stm32cube.ide.mcu.externaltools.gnu-tools-for-stm32.11.3.rel1.win32_1.1.100.202309141235/tools/bin/../lib/gcc/arm-none-eabi/11.3.1/thumb/v7e-m+fp/hard\libgcc.a
LOAD C:/ST/STM32CubeIDE_1.14.1/STM32CubeIDE/plugins/com.st.stm32cube.ide.mcu.externaltools.gnu-tools-for-stm32.11.3.rel1.win32_1.1.100.202309141235/tools/bin/../lib/gcc/arm-none-eabi/11.3.1/../../../../arm-none-eabi/lib/thumb/v7e-m+fp/hard\libc_nano.a
LOAD C:/ST/STM32CubeIDE_1.14.1/STM32CubeIDE/plugins/com.st.stm32cube.ide.mcu.externaltools.gnu-tools-for-stm32.11.3.rel1.win32_1.1.100.202309141235/tools/bin/../lib/gcc/arm-none-eabi/11.3.1/../../../../arm-none-eabi/lib/thumb/v7e-m+fp/hard\libnosys.a
END GROUP
LOAD C:/ST/STM32CubeIDE_1.14.1/STM32CubeIDE/plugins/com.st.stm32cube.ide.mcu.externaltools.gnu-tools-for-stm32.11.3.rel1.win32_1.1.100.202309141235/tools/bin/../lib/gcc/arm-none-eabi/11.3.1/thumb/v7e-m+fp/hard/crtend.o
LOAD C:/ST/STM32CubeIDE_1.14.1/STM32CubeIDE/plugins/com.st.stm32cube.ide.mcu.externaltools.gnu-tools-for-stm32.11.3.rel1.win32_1.1.100.202309141235/tools/bin/../lib/gcc/arm-none-eabi/11.3.1/thumb/v7e-m+fp/hard/crtn.o
                0x0000000020018000                _estack = (ORIGIN (RAM) + LENGTH (RAM))
                0x0000000000000200                _Min_Heap_Size = 0x200
                0x0000000000000400                _Min_Stack_Size = 0x400

.isr_vector     0x0000000008000000      0x188
                0x0000000008000000                . = ALIGN (0x4)
 *(.isr_vector)
 .isr_vector    0x0000000008000000      0x188 ./Core/Startup/startup_stm32l476rgtx.o
                0x0000000008000000                g_pfnVectors
                0x0000000008000188                . = ALIGN (0x4)

.text           0x0000000008000190     0xcc7c
                0x0000000008000190                . = ALIGN (0x4)
 *(.text)
 .text          0x0000000008000190       0x40 C:/ST/STM32CubeIDE_1.14.1/STM32CubeIDE/plugins/com.st.stm32cube.ide.mcu.externaltools.gnu-tools-for-stm32.11.3.rel1.win32_1.1.100.202309141235/tools/bin/../lib/gcc/arm-none-eabi/11.3.1/thumb/v7e-m+fp/hard/crtbegin.o
 .text          0x00000000080001d0       0x10 C:/ST/STM32CubeIDE_1.14.1/STM32CubeIDE/plugins/com.st.stm32cube.ide.mcu.externaltools.gnu-tools-for-stm32.11.3.rel1.win32_1.1.100.202309141235/tools/bin/../lib/gcc/arm-none-eabi/11.3.1/../../../../arm-none-eabi/lib/thumb/v7e-m+fp/hard\libc_nano.a(libc_a-strlen.o)
                0x00000000080001d0                strlen
 .text          0x00000000080001e0       0xa0 C:/ST/STM32CubeIDE_1.14.1/STM32CubeIDE/plugins/com.st.stm32cube.ide.mcu.externaltools.gnu-tools-for-stm32.11.3.rel1.win32_1.1.100.202309141235/tools/bin/../lib/gcc/arm-none-eabi/11.3.1/../../../../arm-none-eabi/lib/thumb/v7e-m+fp/hard\libc_nano.a(libc_a-memchr.o)
                0x00000000080001e0                memchr
 *(.text*)
 .text.main     0x0000000008000280       0xc8 ./Core/Src/main.o
                0x0000000008000280                main
 .text.SystemClock_Config
                0x0000000008000348       0xa6 ./Core/Src/main.o
                0x0000000008000348                SystemClock_Config
 *fill*         0x00000000080003ee        0x2 
 .text.MX_RTC_Init
                0x00000000080003f0       0x50 ./Core/Src/main.o
 .text.MX_SPI2_Init
                0x0000000008000440       0x7c ./Core/Src/main.o
 .text.MX_SPI3_Init
                0x00000000080004bc       0x7c ./Core/Src/main.o
 .text.MX_TIM1_Init
                0x0000000008000538       0xa8 ./Core/Src/main.o
 .text.MX_TIM2_Init
                0x00000000080005e0       0x9c ./Core/Src/main.o
 .text.MX_TIM3_Init
                0x000000000800067c       0x9c ./Core/Src/main.o
 .text.MX_TIM5_Init
                0x0000000008000718       0xf0 ./Core/Src/main.o
 .text.MX_GPIO_Init
                0x0000000008000808      0x164 ./Core/Src/main.o
 .text.Error_Handler
                0x000000000800096c        0xa ./Core/Src/main.o
                0x000000000800096c                Error_Handler
 *fill*         0x0000000008000976        0x2 
 .text.HAL_MspInit
                0x0000000008000978       0x48 ./Core/Src/stm32l4xx_hal_msp.o
                0x0000000008000978                HAL_MspInit
 .text.HAL_RTC_MspInit
                0x00000000080009c0       0x64 ./Core/Src/stm32l4xx_hal_msp.o
                0x00000000080009c0                HAL_RTC_MspInit
 .text.HAL_SPI_MspInit
                0x0000000008000a24      0x148 ./Core/Src/stm32l4xx_hal_msp.o
                0x0000000008000a24                HAL_SPI_MspInit
 .text.HAL_TIM_Base_MspInit
                0x0000000008000b6c       0xf0 ./Core/Src/stm32l4xx_hal_msp.o
                0x0000000008000b6c                HAL_TIM_Base_MspInit
 .text.HAL_TIM_MspPostInit
                0x0000000008000c5c       0x6c ./Core/Src/stm32l4xx_hal_msp.o
                0x0000000008000c5c                HAL_TIM_MspPostInit
 .text.NMI_Handler
                0x0000000008000cc8        0x6 ./Core/Src/stm32l4xx_it.o
                0x0000000008000cc8                NMI_Handler
 .text.HardFault_Handler
                0x0000000008000cce        0x6 ./Core/Src/stm32l4xx_it.o
                0x0000000008000cce                HardFault_Handler
 .text.MemManage_Handler
                0x0000000008000cd4        0x6 ./Core/Src/stm32l4xx_it.o
                0x0000000008000cd4                MemManage_Handler
 .text.BusFault_Handler
                0x0000000008000cda        0x6 ./Core/Src/stm32l4xx_it.o
                0x0000000008000cda                BusFault_Handler
 .text.UsageFault_Handler
                0x0000000008000ce0        0x6 ./Core/Src/stm32l4xx_it.o
                0x0000000008000ce0                UsageFault_Handler
 .text.SVC_Handler
                0x0000000008000ce6        0xe ./Core/Src/stm32l4xx_it.o
                0x0000000008000ce6                SVC_Handler
 .text.DebugMon_Handler
                0x0000000008000cf4        0xe ./Core/Src/stm32l4xx_it.o
                0x0000000008000cf4                DebugMon_Handler
 .text.PendSV_Handler
                0x0000000008000d02        0xe ./Core/Src/stm32l4xx_it.o
                0x0000000008000d02                PendSV_Handler
 .text.SysTick_Handler
                0x0000000008000d10        0xc ./Core/Src/stm32l4xx_it.o
                0x0000000008000d10                SysTick_Handler
 .text.EXTI0_IRQHandler
                0x0000000008000d1c       0x14 ./Core/Src/stm32l4xx_it.o
                0x0000000008000d1c                EXTI0_IRQHandler
 .text.TIM1_BRK_TIM15_IRQHandler
                0x0000000008000d30       0x14 ./Core/Src/stm32l4xx_it.o
                0x0000000008000d30                TIM1_BRK_TIM15_IRQHandler
 .text.TIM2_IRQHandler
                0x0000000008000d44       0x34 ./Core/Src/stm32l4xx_it.o
                0x0000000008000d44                TIM2_IRQHandler
 .text.TIM3_IRQHandler
                0x0000000008000d78       0x14 ./Core/Src/stm32l4xx_it.o
                0x0000000008000d78                TIM3_IRQHandler
 .text.SPI2_IRQHandler
                0x0000000008000d8c       0x14 ./Core/Src/stm32l4xx_it.o
                0x0000000008000d8c                SPI2_IRQHandler
 .text.TIM5_IRQHandler
                0x0000000008000da0       0x14 ./Core/Src/stm32l4xx_it.o
                0x0000000008000da0                TIM5_IRQHandler
 .text.SPI3_IRQHandler
                0x0000000008000db4       0x14 ./Core/Src/stm32l4xx_it.o
                0x0000000008000db4                SPI3_IRQHandler
 .text._read    0x0000000008000dc8       0x3a ./Core/Src/syscalls.o
                0x0000000008000dc8                _read
 .text._write   0x0000000008000e02       0x38 ./Core/Src/syscalls.o
                0x0000000008000e02                _write
 .text._close   0x0000000008000e3a       0x18 ./Core/Src/syscalls.o
                0x0000000008000e3a                _close
 .text._fstat   0x0000000008000e52       0x20 ./Core/Src/syscalls.o
                0x0000000008000e52                _fstat
 .text._isatty  0x0000000008000e72       0x16 ./Core/Src/syscalls.o
                0x0000000008000e72                _isatty
 .text._lseek   0x0000000008000e88       0x1a ./Core/Src/syscalls.o
                0x0000000008000e88                _lseek
 *fill*         0x0000000008000ea2        0x2 
 .text._sbrk    0x0000000008000ea4       0x6c ./Core/Src/sysmem.o
                0x0000000008000ea4                _sbrk
 .text.SystemInit
                0x0000000008000f10       0x24 ./Core/Src/system_stm32l4xx.o
                0x0000000008000f10                SystemInit
 .text.Reset_Handler
                0x0000000008000f34       0x50 ./Core/Startup/startup_stm32l476rgtx.o
                0x0000000008000f34                Reset_Handler
 .text.Default_Handler
                0x0000000008000f84        0x2 ./Core/Startup/startup_stm32l476rgtx.o
                0x0000000008000f84                RTC_Alarm_IRQHandler
                0x0000000008000f84                EXTI2_IRQHandler
                0x0000000008000f84                TIM8_TRG_COM_IRQHandler
                0x0000000008000f84                TIM8_CC_IRQHandler
                0x0000000008000f84                TIM1_CC_IRQHandler
                0x0000000008000f84                TSC_IRQHandler
                0x0000000008000f84                TAMP_STAMP_IRQHandler
                0x0000000008000f84                EXTI3_IRQHandler
                0x0000000008000f84                LPTIM2_IRQHandler
                0x0000000008000f84                DFSDM1_FLT1_IRQHandler
                0x0000000008000f84                I2C3_ER_IRQHandler
                0x0000000008000f84                DFSDM1_FLT2_IRQHandler
                0x0000000008000f84                I2C2_EV_IRQHandler
                0x0000000008000f84                CAN1_RX0_IRQHandler
                0x0000000008000f84                FPU_IRQHandler
                0x0000000008000f84                TIM1_UP_TIM16_IRQHandler
                0x0000000008000f84                ADC1_2_IRQHandler
                0x0000000008000f84                SPI1_IRQHandler
                0x0000000008000f84                TIM6_DAC_IRQHandler
                0x0000000008000f84                TIM8_UP_IRQHandler
                0x0000000008000f84                DMA2_Channel2_IRQHandler
                0x0000000008000f84                DMA1_Channel4_IRQHandler
                0x0000000008000f84                SAI2_IRQHandler
                0x0000000008000f84                DFSDM1_FLT3_IRQHandler
                0x0000000008000f84                USART3_IRQHandler
                0x0000000008000f84                DMA1_Channel7_IRQHandler
                0x0000000008000f84                CAN1_RX1_IRQHandler
                0x0000000008000f84                LCD_IRQHandler
                0x0000000008000f84                UART5_IRQHandler
                0x0000000008000f84                ADC3_IRQHandler
                0x0000000008000f84                TIM4_IRQHandler
                0x0000000008000f84                DMA2_Channel1_IRQHandler
                0x0000000008000f84                QUADSPI_IRQHandler
                0x0000000008000f84                I2C1_EV_IRQHandler
                0x0000000008000f84                DMA1_Channel6_IRQHandler
                0x0000000008000f84                UART4_IRQHandler
                0x0000000008000f84                DMA2_Channel4_IRQHandler
                0x0000000008000f84                RCC_IRQHandler
                0x0000000008000f84                DMA1_Channel1_IRQHandler
                0x0000000008000f84                Default_Handler
                0x0000000008000f84                DMA2_Channel7_IRQHandler
                0x0000000008000f84                EXTI15_10_IRQHandler
                0x0000000008000f84                TIM7_IRQHandler
                0x0000000008000f84                SDMMC1_IRQHandler
                0x0000000008000f84                I2C3_EV_IRQHandler
                0x0000000008000f84                EXTI9_5_IRQHandler
                0x0000000008000f84                RTC_WKUP_IRQHandler
                0x0000000008000f84                PVD_PVM_IRQHandler
                0x0000000008000f84                CAN1_TX_IRQHandler
                0x0000000008000f84                DMA2_Channel5_IRQHandler
                0x0000000008000f84                DMA1_Channel5_IRQHandler
                0x0000000008000f84                EXTI4_IRQHandler
                0x0000000008000f84                RNG_IRQHandler
                0x0000000008000f84                TIM1_TRG_COM_TIM17_IRQHandler
                0x0000000008000f84                DMA1_Channel3_IRQHandler
                0x0000000008000f84                COMP_IRQHandler
                0x0000000008000f84                WWDG_IRQHandler
                0x0000000008000f84                LPUART1_IRQHandler
                0x0000000008000f84                DMA2_Channel6_IRQHandler
                0x0000000008000f84                EXTI1_IRQHandler
                0x0000000008000f84                USART2_IRQHandler
                0x0000000008000f84                DFSDM1_FLT0_IRQHandler
                0x0000000008000f84                I2C2_ER_IRQHandler
                0x0000000008000f84                DMA1_Channel2_IRQHandler
                0x0000000008000f84                TIM8_BRK_IRQHandler
                0x0000000008000f84                CAN1_SCE_IRQHandler
                0x0000000008000f84                FLASH_IRQHandler
                0x0000000008000f84                USART1_IRQHandler
                0x0000000008000f84                OTG_FS_IRQHandler
                0x0000000008000f84                I2C1_ER_IRQHandler
                0x0000000008000f84                FMC_IRQHandler
                0x0000000008000f84                SWPMI1_IRQHandler
                0x0000000008000f84                LPTIM1_IRQHandler
                0x0000000008000f84                SAI1_IRQHandler
                0x0000000008000f84                DMA2_Channel3_IRQHandler
 .text.jsmn_alloc_token
                0x0000000008000f86       0x50 ./Drivers/Communication/communication.o
 .text.jsmn_fill_token
                0x0000000008000fd6       0x34 ./Drivers/Communication/communication.o
 *fill*         0x000000000800100a        0x2 
 .text.jsmn_parse_primitive
                0x000000000800100c      0x110 ./Drivers/Communication/communication.o
 .text.jsmn_parse_string
                0x000000000800111c      0x1c8 ./Drivers/Communication/communication.o
 .text.jsmn_parse
                0x00000000080012e4      0x36c ./Drivers/Communication/communication.o
                0x00000000080012e4                jsmn_parse
 .text.jsmn_init
                0x0000000008001650       0x28 ./Drivers/Communication/communication.o
                0x0000000008001650                jsmn_init
 .text.u8Connection_Loop
                0x0000000008001678       0x54 ./Drivers/Communication/communication.o
                0x0000000008001678                u8Connection_Loop
 .text.jsoneq   0x00000000080016cc       0x5e ./Drivers/Communication/communication.o
 .text.cs_sel   0x000000000800172a       0x16 ./Drivers/Communication/communication.o
                0x000000000800172a                cs_sel
 .text.cs_desel
                0x0000000008001740       0x16 ./Drivers/Communication/communication.o
                0x0000000008001740                cs_desel
 *fill*         0x0000000008001756        0x2 
 .text.spi_rb   0x0000000008001758       0x24 ./Drivers/Communication/communication.o
                0x0000000008001758                spi_rb
 .text.spi_wb   0x000000000800177c       0x24 ./Drivers/Communication/communication.o
                0x000000000800177c                spi_wb
 .text.check_phy_link
                0x00000000080017a0       0x3c ./Drivers/Communication/communication.o
                0x00000000080017a0                check_phy_link
 .text.dhcp_process
                0x00000000080017dc       0x7c ./Drivers/Communication/communication.o
                0x00000000080017dc                dhcp_process
 .text.u8Init_Ethernet
                0x0000000008001858      0x10c ./Drivers/Communication/communication.o
                0x0000000008001858                u8Init_Ethernet
 .text.u8New_TCP_Socket
                0x0000000008001964       0x38 ./Drivers/Communication/communication.o
                0x0000000008001964                u8New_TCP_Socket
 .text.u8Close_TCP_Socket
                0x000000000800199c       0x3c ./Drivers/Communication/communication.o
                0x000000000800199c                u8Close_TCP_Socket
 .text.u8New_TCP_Connetion
                0x00000000080019d8       0x40 ./Drivers/Communication/communication.o
                0x00000000080019d8                u8New_TCP_Connetion
 .text.u8Waiting_For_Reply
                0x0000000008001a18       0xb0 ./Drivers/Communication/communication.o
                0x0000000008001a18                u8Waiting_For_Reply
 .text.u8Pull_Request
                0x0000000008001ac8       0x68 ./Drivers/Communication/communication.o
                0x0000000008001ac8                u8Pull_Request
 .text.u8Use_Data
                0x0000000008001b30      0xbb4 ./Drivers/Communication/communication.o
                0x0000000008001b30                u8Use_Data
 .text.StandbyStart
                0x00000000080026e4       0x98 ./Drivers/Device/device.o
                0x00000000080026e4                StandbyStart
 .text.Buzzer   0x000000000800277c       0x2c ./Drivers/Device/device.o
                0x000000000800277c                Buzzer
 .text.DEV_SPI_WriteByte
                0x00000000080027a8       0x24 ./Drivers/Display/DEV_Config.o
                0x00000000080027a8                DEV_SPI_WriteByte
 .text.DEV_Module_Init
                0x00000000080027cc       0x2c ./Drivers/Display/DEV_Config.o
                0x00000000080027cc                DEV_Module_Init
 .text.DEV_Module_Exit
                0x00000000080027f8       0x2c ./Drivers/Display/DEV_Config.o
                0x00000000080027f8                DEV_Module_Exit
 .text.EPD_Reset
                0x0000000008002824       0x3c ./Drivers/Display/EPD_7in5_V2.o
 .text.EPD_SendCommand
                0x0000000008002860       0x3c ./Drivers/Display/EPD_7in5_V2.o
 .text.EPD_SendData
                0x000000000800289c       0x3c ./Drivers/Display/EPD_7in5_V2.o
 .text.EPD_WaitUntilIdle
                0x00000000080028d8       0x44 ./Drivers/Display/EPD_7in5_V2.o
 .text.EPD_7IN5_V2_LUT
                0x000000000800291c       0xd6 ./Drivers/Display/EPD_7in5_V2.o
 .text.EPD_7IN5_V2_TurnOnDisplay
                0x00000000080029f2       0x18 ./Drivers/Display/EPD_7in5_V2.o
 *fill*         0x0000000008002a0a        0x2 
 .text.EPD_7IN5_V2_Init
                0x0000000008002a0c      0x130 ./Drivers/Display/EPD_7in5_V2.o
                0x0000000008002a0c                EPD_7IN5_V2_Init
 .text.EPD_7IN5_V2_Display
                0x0000000008002b3c       0x68 ./Drivers/Display/EPD_7in5_V2.o
                0x0000000008002b3c                EPD_7IN5_V2_Display
 .text.Paint_NewImage
                0x0000000008002ba4       0xac ./Drivers/Display/GUI_Paint.o
                0x0000000008002ba4                Paint_NewImage
 .text.Paint_SelectImage
                0x0000000008002c50       0x20 ./Drivers/Display/GUI_Paint.o
                0x0000000008002c50                Paint_SelectImage
 .text.Paint_SetPixel
                0x0000000008002c70      0x298 ./Drivers/Display/GUI_Paint.o
                0x0000000008002c70                Paint_SetPixel
 .text.Paint_Clear
                0x0000000008002f08      0x140 ./Drivers/Display/GUI_Paint.o
                0x0000000008002f08                Paint_Clear
 .text.Paint_DrawChar
                0x0000000008003048      0x14c ./Drivers/Display/GUI_Paint.o
                0x0000000008003048                Paint_DrawChar
 .text.Paint_DrawString_EN
                0x0000000008003194       0xa4 ./Drivers/Display/GUI_Paint.o
                0x0000000008003194                Paint_DrawString_EN
 .text.Paint_DrawBitMap_Paste
                0x0000000008003238       0xe2 ./Drivers/Display/GUI_Paint.o
                0x0000000008003238                Paint_DrawBitMap_Paste
 *fill*         0x000000000800331a        0x2 
 .text.UmlautCheck
                0x000000000800331c      0x228 ./Drivers/Display/skins.o
                0x000000000800331c                UmlautCheck
 .text.vPrint_Skin_Office
                0x0000000008003544      0x2c0 ./Drivers/Display/skins.o
                0x0000000008003544                vPrint_Skin_Office
 .text.vPrint_Skin_Lecture_Room
                0x0000000008003804      0x214 ./Drivers/Display/skins.o
                0x0000000008003804                vPrint_Skin_Lecture_Room
 .text.WIZCHIP_READ
                0x0000000008003a18       0x98 ./Drivers/Ethernet/W5500/w5500.o
                0x0000000008003a18                WIZCHIP_READ
 .text.WIZCHIP_WRITE
                0x0000000008003ab0       0x9c ./Drivers/Ethernet/W5500/w5500.o
                0x0000000008003ab0                WIZCHIP_WRITE
 .text.WIZCHIP_READ_BUF
                0x0000000008003b4c       0xc0 ./Drivers/Ethernet/W5500/w5500.o
                0x0000000008003b4c                WIZCHIP_READ_BUF
 .text.WIZCHIP_WRITE_BUF
                0x0000000008003c0c       0xc0 ./Drivers/Ethernet/W5500/w5500.o
                0x0000000008003c0c                WIZCHIP_WRITE_BUF
 .text.getSn_TX_FSR
                0x0000000008003ccc       0x96 ./Drivers/Ethernet/W5500/w5500.o
                0x0000000008003ccc                getSn_TX_FSR
 .text.getSn_RX_RSR
                0x0000000008003d62       0x96 ./Drivers/Ethernet/W5500/w5500.o
                0x0000000008003d62                getSn_RX_RSR
 .text.wiz_send_data
                0x0000000008003df8       0xb8 ./Drivers/Ethernet/W5500/w5500.o
                0x0000000008003df8                wiz_send_data
 .text.wiz_recv_data
                0x0000000008003eb0       0xb8 ./Drivers/Ethernet/W5500/w5500.o
                0x0000000008003eb0                wiz_recv_data
 .text.wiz_recv_ignore
                0x0000000008003f68       0x90 ./Drivers/Ethernet/W5500/w5500.o
                0x0000000008003f68                wiz_recv_ignore
 .text.default_ip_assign
                0x0000000008003ff8       0x38 ./Drivers/Ethernet/dhcp.o
                0x0000000008003ff8                default_ip_assign
 .text.default_ip_update
                0x0000000008004030       0x2c ./Drivers/Ethernet/dhcp.o
                0x0000000008004030                default_ip_update
 .text.default_ip_conflict
                0x000000000800405c       0x28 ./Drivers/Ethernet/dhcp.o
                0x000000000800405c                default_ip_conflict
 .text.makeDHCPMSG
                0x0000000008004084      0x1ec ./Drivers/Ethernet/dhcp.o
                0x0000000008004084                makeDHCPMSG
 .text.send_DHCP_DISCOVER
                0x0000000008004270      0x2c8 ./Drivers/Ethernet/dhcp.o
                0x0000000008004270                send_DHCP_DISCOVER
 .text.send_DHCP_REQUEST
                0x0000000008004538      0x514 ./Drivers/Ethernet/dhcp.o
                0x0000000008004538                send_DHCP_REQUEST
 .text.send_DHCP_DECLINE
                0x0000000008004a4c      0x2a4 ./Drivers/Ethernet/dhcp.o
                0x0000000008004a4c                send_DHCP_DECLINE
 .text.parseDHCPMSG
                0x0000000008004cf0      0x3a4 ./Drivers/Ethernet/dhcp.o
                0x0000000008004cf0                parseDHCPMSG
 .text.DHCP_run
                0x0000000008005094      0x234 ./Drivers/Ethernet/dhcp.o
                0x0000000008005094                DHCP_run
 .text.check_DHCP_timeout
                0x00000000080052c8       0xc0 ./Drivers/Ethernet/dhcp.o
                0x00000000080052c8                check_DHCP_timeout
 .text.check_DHCP_leasedIP
                0x0000000008005388       0x7c ./Drivers/Ethernet/dhcp.o
                0x0000000008005388                check_DHCP_leasedIP
 .text.DHCP_init
                0x0000000008005404       0xd8 ./Drivers/Ethernet/dhcp.o
                0x0000000008005404                DHCP_init
 .text.reset_DHCP_timeout
                0x00000000080054dc       0x2c ./Drivers/Ethernet/dhcp.o
                0x00000000080054dc                reset_DHCP_timeout
 .text.NibbleToHex
                0x0000000008005508       0x32 ./Drivers/Ethernet/dhcp.o
                0x0000000008005508                NibbleToHex
 *fill*         0x000000000800553a        0x2 
 .text.socket   0x000000000800553c      0x228 ./Drivers/Ethernet/socket.o
                0x000000000800553c                socket
 .text.close    0x0000000008005764       0xdc ./Drivers/Ethernet/socket.o
                0x0000000008005764                close
 .text.connect  0x0000000008005840      0x1b8 ./Drivers/Ethernet/socket.o
                0x0000000008005840                connect
 .text.send     0x00000000080059f8      0x1f4 ./Drivers/Ethernet/socket.o
                0x00000000080059f8                send
 .text.recv     0x0000000008005bec      0x16c ./Drivers/Ethernet/socket.o
                0x0000000008005bec                recv
 .text.sendto   0x0000000008005d58      0x26c ./Drivers/Ethernet/socket.o
                0x0000000008005d58                sendto
 .text.recvfrom
                0x0000000008005fc4      0x3dc ./Drivers/Ethernet/socket.o
                0x0000000008005fc4                recvfrom
 .text.wizchip_cris_enter
                0x00000000080063a0        0xe ./Drivers/Ethernet/wizchip_conf.o
                0x00000000080063a0                wizchip_cris_enter
 .text.wizchip_cris_exit
                0x00000000080063ae        0xe ./Drivers/Ethernet/wizchip_conf.o
                0x00000000080063ae                wizchip_cris_exit
 .text.wizchip_cs_select
                0x00000000080063bc        0xe ./Drivers/Ethernet/wizchip_conf.o
                0x00000000080063bc                wizchip_cs_select
 .text.wizchip_cs_deselect
                0x00000000080063ca        0xe ./Drivers/Ethernet/wizchip_conf.o
                0x00000000080063ca                wizchip_cs_deselect
 .text.wizchip_bus_readdata
                0x00000000080063d8       0x1a ./Drivers/Ethernet/wizchip_conf.o
                0x00000000080063d8                wizchip_bus_readdata
 .text.wizchip_bus_writedata
                0x00000000080063f2       0x1e ./Drivers/Ethernet/wizchip_conf.o
                0x00000000080063f2                wizchip_bus_writedata
 .text.wizchip_spi_readbyte
                0x0000000008006410       0x10 ./Drivers/Ethernet/wizchip_conf.o
                0x0000000008006410                wizchip_spi_readbyte
 .text.wizchip_spi_writebyte
                0x0000000008006420       0x16 ./Drivers/Ethernet/wizchip_conf.o
                0x0000000008006420                wizchip_spi_writebyte
 *fill*         0x0000000008006436        0x2 
 .text.reg_wizchip_cs_cbfunc
                0x0000000008006438       0x4c ./Drivers/Ethernet/wizchip_conf.o
                0x0000000008006438                reg_wizchip_cs_cbfunc
 .text.reg_wizchip_spi_cbfunc
                0x0000000008006484       0x58 ./Drivers/Ethernet/wizchip_conf.o
                0x0000000008006484                reg_wizchip_spi_cbfunc
 .text.wizchip_sw_reset
                0x00000000080064dc       0x98 ./Drivers/Ethernet/wizchip_conf.o
                0x00000000080064dc                wizchip_sw_reset
 .text.wizchip_init
                0x0000000008006574      0x118 ./Drivers/Ethernet/wizchip_conf.o
                0x0000000008006574                wizchip_init
 .text.wizchip_setnetinfo
                0x000000000800668c       0x80 ./Drivers/Ethernet/wizchip_conf.o
                0x000000000800668c                wizchip_setnetinfo
 .text.wizchip_getnetinfo
                0x000000000800670c       0x80 ./Drivers/Ethernet/wizchip_conf.o
                0x000000000800670c                wizchip_getnetinfo
 .text.HAL_Init
                0x000000000800678c       0x40 ./Drivers/STM32L4xx_HAL_Driver/Src/stm32l4xx_hal.o
                0x000000000800678c                HAL_Init
 .text.HAL_InitTick
                0x00000000080067cc       0x78 ./Drivers/STM32L4xx_HAL_Driver/Src/stm32l4xx_hal.o
                0x00000000080067cc                HAL_InitTick
 .text.HAL_IncTick
                0x0000000008006844       0x28 ./Drivers/STM32L4xx_HAL_Driver/Src/stm32l4xx_hal.o
                0x0000000008006844                HAL_IncTick
 .text.HAL_GetTick
                0x000000000800686c       0x18 ./Drivers/STM32L4xx_HAL_Driver/Src/stm32l4xx_hal.o
                0x000000000800686c                HAL_GetTick
 .text.HAL_Delay
                0x0000000008006884       0x48 ./Drivers/STM32L4xx_HAL_Driver/Src/stm32l4xx_hal.o
                0x0000000008006884                HAL_Delay
 .text.HAL_SuspendTick
                0x00000000080068cc       0x20 ./Drivers/STM32L4xx_HAL_Driver/Src/stm32l4xx_hal.o
                0x00000000080068cc                HAL_SuspendTick
 .text.HAL_GetUIDw0
                0x00000000080068ec       0x18 ./Drivers/STM32L4xx_HAL_Driver/Src/stm32l4xx_hal.o
                0x00000000080068ec                HAL_GetUIDw0
 .text.__NVIC_SetPriorityGrouping
                0x0000000008006904       0x48 ./Drivers/STM32L4xx_HAL_Driver/Src/stm32l4xx_hal_cortex.o
 .text.__NVIC_GetPriorityGrouping
                0x000000000800694c       0x1c ./Drivers/STM32L4xx_HAL_Driver/Src/stm32l4xx_hal_cortex.o
 .text.__NVIC_EnableIRQ
                0x0000000008006968       0x3c ./Drivers/STM32L4xx_HAL_Driver/Src/stm32l4xx_hal_cortex.o
 .text.__NVIC_SetPriority
                0x00000000080069a4       0x54 ./Drivers/STM32L4xx_HAL_Driver/Src/stm32l4xx_hal_cortex.o
 .text.NVIC_EncodePriority
                0x00000000080069f8       0x66 ./Drivers/STM32L4xx_HAL_Driver/Src/stm32l4xx_hal_cortex.o
 *fill*         0x0000000008006a5e        0x2 
 .text.SysTick_Config
                0x0000000008006a60       0x44 ./Drivers/STM32L4xx_HAL_Driver/Src/stm32l4xx_hal_cortex.o
 .text.HAL_NVIC_SetPriorityGrouping
                0x0000000008006aa4       0x16 ./Drivers/STM32L4xx_HAL_Driver/Src/stm32l4xx_hal_cortex.o
                0x0000000008006aa4                HAL_NVIC_SetPriorityGrouping
 .text.HAL_NVIC_SetPriority
                0x0000000008006aba       0x38 ./Drivers/STM32L4xx_HAL_Driver/Src/stm32l4xx_hal_cortex.o
                0x0000000008006aba                HAL_NVIC_SetPriority
 .text.HAL_NVIC_EnableIRQ
                0x0000000008006af2       0x1c ./Drivers/STM32L4xx_HAL_Driver/Src/stm32l4xx_hal_cortex.o
                0x0000000008006af2                HAL_NVIC_EnableIRQ
 .text.HAL_SYSTICK_Config
                0x0000000008006b0e       0x18 ./Drivers/STM32L4xx_HAL_Driver/Src/stm32l4xx_hal_cortex.o
                0x0000000008006b0e                HAL_SYSTICK_Config
 .text.HAL_DMA_Abort_IT
                0x0000000008006b26       0x82 ./Drivers/STM32L4xx_HAL_Driver/Src/stm32l4xx_hal_dma.o
                0x0000000008006b26                HAL_DMA_Abort_IT
 .text.HAL_GPIO_Init
                0x0000000008006ba8      0x354 ./Drivers/STM32L4xx_HAL_Driver/Src/stm32l4xx_hal_gpio.o
                0x0000000008006ba8                HAL_GPIO_Init
 .text.HAL_GPIO_ReadPin
                0x0000000008006efc       0x30 ./Drivers/STM32L4xx_HAL_Driver/Src/stm32l4xx_hal_gpio.o
                0x0000000008006efc                HAL_GPIO_ReadPin
 .text.HAL_GPIO_WritePin
                0x0000000008006f2c       0x30 ./Drivers/STM32L4xx_HAL_Driver/Src/stm32l4xx_hal_gpio.o
                0x0000000008006f2c                HAL_GPIO_WritePin
 .text.HAL_GPIO_EXTI_IRQHandler
                0x0000000008006f5c       0x30 ./Drivers/STM32L4xx_HAL_Driver/Src/stm32l4xx_hal_gpio.o
                0x0000000008006f5c                HAL_GPIO_EXTI_IRQHandler
 .text.HAL_GPIO_EXTI_Callback
                0x0000000008006f8c       0x16 ./Drivers/STM32L4xx_HAL_Driver/Src/stm32l4xx_hal_gpio.o
                0x0000000008006f8c                HAL_GPIO_EXTI_Callback
 *fill*         0x0000000008006fa2        0x2 
 .text.HAL_PWR_EnableBkUpAccess
                0x0000000008006fa4       0x20 ./Drivers/STM32L4xx_HAL_Driver/Src/stm32l4xx_hal_pwr.o
                0x0000000008006fa4                HAL_PWR_EnableBkUpAccess
 .text.HAL_PWR_EnableWakeUpPin
                0x0000000008006fc4       0x40 ./Drivers/STM32L4xx_HAL_Driver/Src/stm32l4xx_hal_pwr.o
                0x0000000008006fc4                HAL_PWR_EnableWakeUpPin
 .text.HAL_PWR_EnterSTANDBYMode
                0x0000000008007004       0x34 ./Drivers/STM32L4xx_HAL_Driver/Src/stm32l4xx_hal_pwr.o
                0x0000000008007004                HAL_PWR_EnterSTANDBYMode
 .text.HAL_PWREx_GetVoltageRange
                0x0000000008007038       0x1c ./Drivers/STM32L4xx_HAL_Driver/Src/stm32l4xx_hal_pwr_ex.o
                0x0000000008007038                HAL_PWREx_GetVoltageRange
 .text.HAL_PWREx_ControlVoltageScaling
                0x0000000008007054       0xac ./Drivers/STM32L4xx_HAL_Driver/Src/stm32l4xx_hal_pwr_ex.o
                0x0000000008007054                HAL_PWREx_ControlVoltageScaling
 .text.HAL_RCC_OscConfig
                0x0000000008007100      0x7b8 ./Drivers/STM32L4xx_HAL_Driver/Src/stm32l4xx_hal_rcc.o
                0x0000000008007100                HAL_RCC_OscConfig
 .text.HAL_RCC_ClockConfig
                0x00000000080078b8      0x200 ./Drivers/STM32L4xx_HAL_Driver/Src/stm32l4xx_hal_rcc.o
                0x00000000080078b8                HAL_RCC_ClockConfig
 .text.HAL_RCC_GetSysClockFreq
                0x0000000008007ab8      0x118 ./Drivers/STM32L4xx_HAL_Driver/Src/stm32l4xx_hal_rcc.o
                0x0000000008007ab8                HAL_RCC_GetSysClockFreq
 .text.RCC_SetFlashLatencyFromMSIRange
                0x0000000008007bd0       0xc0 ./Drivers/STM32L4xx_HAL_Driver/Src/stm32l4xx_hal_rcc.o
 .text.HAL_RCCEx_PeriphCLKConfig
                0x0000000008007c90      0x5d4 ./Drivers/STM32L4xx_HAL_Driver/Src/stm32l4xx_hal_rcc_ex.o
                0x0000000008007c90                HAL_RCCEx_PeriphCLKConfig
 .text.RCCEx_PLLSAI1_Config
                0x0000000008008264      0x1e8 ./Drivers/STM32L4xx_HAL_Driver/Src/stm32l4xx_hal_rcc_ex.o
 .text.RCCEx_PLLSAI2_Config
                0x000000000800844c      0x1bc ./Drivers/STM32L4xx_HAL_Driver/Src/stm32l4xx_hal_rcc_ex.o
 .text.HAL_RTC_Init
                0x0000000008008608      0x110 ./Drivers/STM32L4xx_HAL_Driver/Src/stm32l4xx_hal_rtc.o
                0x0000000008008608                HAL_RTC_Init
 .text.HAL_RTC_WaitForSynchro
                0x0000000008008718       0x48 ./Drivers/STM32L4xx_HAL_Driver/Src/stm32l4xx_hal_rtc.o
                0x0000000008008718                HAL_RTC_WaitForSynchro
 .text.RTC_EnterInitMode
                0x0000000008008760       0x66 ./Drivers/STM32L4xx_HAL_Driver/Src/stm32l4xx_hal_rtc.o
                0x0000000008008760                RTC_EnterInitMode
 *fill*         0x00000000080087c6        0x2 
 .text.RTC_ExitInitMode
                0x00000000080087c8       0x7c ./Drivers/STM32L4xx_HAL_Driver/Src/stm32l4xx_hal_rtc.o
                0x00000000080087c8                RTC_ExitInitMode
 .text.HAL_RTCEx_SetWakeUpTimer_IT
                0x0000000008008844      0x128 ./Drivers/STM32L4xx_HAL_Driver/Src/stm32l4xx_hal_rtc_ex.o
                0x0000000008008844                HAL_RTCEx_SetWakeUpTimer_IT
 .text.HAL_RTCEx_BKUPWrite
                0x000000000800896c       0x32 ./Drivers/STM32L4xx_HAL_Driver/Src/stm32l4xx_hal_rtc_ex.o
                0x000000000800896c                HAL_RTCEx_BKUPWrite
 .text.HAL_RTCEx_BKUPRead
                0x000000000800899e       0x2c ./Drivers/STM32L4xx_HAL_Driver/Src/stm32l4xx_hal_rtc_ex.o
                0x000000000800899e                HAL_RTCEx_BKUPRead
 .text.HAL_SPI_Init
                0x00000000080089ca      0x146 ./Drivers/STM32L4xx_HAL_Driver/Src/stm32l4xx_hal_spi.o
                0x00000000080089ca                HAL_SPI_Init
 .text.HAL_SPI_Transmit
                0x0000000008008b10      0x2ea ./Drivers/STM32L4xx_HAL_Driver/Src/stm32l4xx_hal_spi.o
                0x0000000008008b10                HAL_SPI_Transmit
 .text.HAL_SPI_Receive
                0x0000000008008dfa      0x26e ./Drivers/STM32L4xx_HAL_Driver/Src/stm32l4xx_hal_spi.o
                0x0000000008008dfa                HAL_SPI_Receive
 .text.HAL_SPI_TransmitReceive
                0x0000000008009068      0x444 ./Drivers/STM32L4xx_HAL_Driver/Src/stm32l4xx_hal_spi.o
                0x0000000008009068                HAL_SPI_TransmitReceive
 .text.HAL_SPI_IRQHandler
                0x00000000080094ac      0x1e8 ./Drivers/STM32L4xx_HAL_Driver/Src/stm32l4xx_hal_spi.o
                0x00000000080094ac                HAL_SPI_IRQHandler
 .text.HAL_SPI_ErrorCallback
                0x0000000008009694       0x14 ./Drivers/STM32L4xx_HAL_Driver/Src/stm32l4xx_hal_spi.o
                0x0000000008009694                HAL_SPI_ErrorCallback
 .text.SPI_DMAAbortOnError
                0x00000000080096a8       0x2a ./Drivers/STM32L4xx_HAL_Driver/Src/stm32l4xx_hal_spi.o
 *fill*         0x00000000080096d2        0x2 
 .text.SPI_WaitFlagStateUntilTimeout
                0x00000000080096d4      0x110 ./Drivers/STM32L4xx_HAL_Driver/Src/stm32l4xx_hal_spi.o
 .text.SPI_WaitFifoStateUntilTimeout
                0x00000000080097e4      0x12c ./Drivers/STM32L4xx_HAL_Driver/Src/stm32l4xx_hal_spi.o
 .text.SPI_EndRxTransaction
                0x0000000008009910       0xb0 ./Drivers/STM32L4xx_HAL_Driver/Src/stm32l4xx_hal_spi.o
 .text.SPI_EndRxTxTransaction
                0x00000000080099c0       0x8c ./Drivers/STM32L4xx_HAL_Driver/Src/stm32l4xx_hal_spi.o
 .text.HAL_TIM_Base_Init
                0x0000000008009a4c       0xae ./Drivers/STM32L4xx_HAL_Driver/Src/stm32l4xx_hal_tim.o
                0x0000000008009a4c                HAL_TIM_Base_Init
 *fill*         0x0000000008009afa        0x2 
 .text.HAL_TIM_Base_Start_IT
                0x0000000008009afc       0xe0 ./Drivers/STM32L4xx_HAL_Driver/Src/stm32l4xx_hal_tim.o
                0x0000000008009afc                HAL_TIM_Base_Start_IT
 .text.HAL_TIM_Base_Stop_IT
                0x0000000008009bdc       0x5e ./Drivers/STM32L4xx_HAL_Driver/Src/stm32l4xx_hal_tim.o
                0x0000000008009bdc                HAL_TIM_Base_Stop_IT
 .text.HAL_TIM_PWM_Init
                0x0000000008009c3a       0xae ./Drivers/STM32L4xx_HAL_Driver/Src/stm32l4xx_hal_tim.o
                0x0000000008009c3a                HAL_TIM_PWM_Init
 .text.HAL_TIM_PWM_MspInit
                0x0000000008009ce8       0x14 ./Drivers/STM32L4xx_HAL_Driver/Src/stm32l4xx_hal_tim.o
                0x0000000008009ce8                HAL_TIM_PWM_MspInit
 .text.HAL_TIM_PWM_Start_IT
                0x0000000008009cfc      0x2a8 ./Drivers/STM32L4xx_HAL_Driver/Src/stm32l4xx_hal_tim.o
                0x0000000008009cfc                HAL_TIM_PWM_Start_IT
 .text.HAL_TIM_PWM_Stop_IT
                0x0000000008009fa4      0x1c8 ./Drivers/STM32L4xx_HAL_Driver/Src/stm32l4xx_hal_tim.o
                0x0000000008009fa4                HAL_TIM_PWM_Stop_IT
 .text.HAL_TIM_IRQHandler
                0x000000000800a16c      0x204 ./Drivers/STM32L4xx_HAL_Driver/Src/stm32l4xx_hal_tim.o
                0x000000000800a16c                HAL_TIM_IRQHandler
 .text.HAL_TIM_PWM_ConfigChannel
                0x000000000800a370      0x228 ./Drivers/STM32L4xx_HAL_Driver/Src/stm32l4xx_hal_tim.o
                0x000000000800a370                HAL_TIM_PWM_ConfigChannel
 .text.HAL_TIM_ConfigClockSource
                0x000000000800a598      0x192 ./Drivers/STM32L4xx_HAL_Driver/Src/stm32l4xx_hal_tim.o
                0x000000000800a598                HAL_TIM_ConfigClockSource
 .text.HAL_TIM_PeriodElapsedCallback
                0x000000000800a72a       0x14 ./Drivers/STM32L4xx_HAL_Driver/Src/stm32l4xx_hal_tim.o
                0x000000000800a72a                HAL_TIM_PeriodElapsedCallback
 .text.HAL_TIM_OC_DelayElapsedCallback
                0x000000000800a73e       0x14 ./Drivers/STM32L4xx_HAL_Driver/Src/stm32l4xx_hal_tim.o
                0x000000000800a73e                HAL_TIM_OC_DelayElapsedCallback
 .text.HAL_TIM_IC_CaptureCallback
                0x000000000800a752       0x14 ./Drivers/STM32L4xx_HAL_Driver/Src/stm32l4xx_hal_tim.o
                0x000000000800a752                HAL_TIM_IC_CaptureCallback
 .text.HAL_TIM_PWM_PulseFinishedCallback
                0x000000000800a766       0x14 ./Drivers/STM32L4xx_HAL_Driver/Src/stm32l4xx_hal_tim.o
                0x000000000800a766                HAL_TIM_PWM_PulseFinishedCallback
 .text.HAL_TIM_TriggerCallback
                0x000000000800a77a       0x14 ./Drivers/STM32L4xx_HAL_Driver/Src/stm32l4xx_hal_tim.o
                0x000000000800a77a                HAL_TIM_TriggerCallback
 *fill*         0x000000000800a78e        0x2 
 .text.TIM_Base_SetConfig
                0x000000000800a790      0x134 ./Drivers/STM32L4xx_HAL_Driver/Src/stm32l4xx_hal_tim.o
                0x000000000800a790                TIM_Base_SetConfig
 .text.TIM_OC1_SetConfig
                0x000000000800a8c4      0x120 ./Drivers/STM32L4xx_HAL_Driver/Src/stm32l4xx_hal_tim.o
 .text.TIM_OC2_SetConfig
                0x000000000800a9e4      0x114 ./Drivers/STM32L4xx_HAL_Driver/Src/stm32l4xx_hal_tim.o
                0x000000000800a9e4                TIM_OC2_SetConfig
 .text.TIM_OC3_SetConfig
                0x000000000800aaf8      0x110 ./Drivers/STM32L4xx_HAL_Driver/Src/stm32l4xx_hal_tim.o
 .text.TIM_OC4_SetConfig
                0x000000000800ac08       0xd4 ./Drivers/STM32L4xx_HAL_Driver/Src/stm32l4xx_hal_tim.o
 .text.TIM_OC5_SetConfig
                0x000000000800acdc       0xc8 ./Drivers/STM32L4xx_HAL_Driver/Src/stm32l4xx_hal_tim.o
 .text.TIM_OC6_SetConfig
                0x000000000800ada4       0xcc ./Drivers/STM32L4xx_HAL_Driver/Src/stm32l4xx_hal_tim.o
 .text.TIM_TI1_ConfigInputStage
                0x000000000800ae70       0x5e ./Drivers/STM32L4xx_HAL_Driver/Src/stm32l4xx_hal_tim.o
 .text.TIM_TI2_ConfigInputStage
                0x000000000800aece       0x60 ./Drivers/STM32L4xx_HAL_Driver/Src/stm32l4xx_hal_tim.o
 .text.TIM_ITRx_SetConfig
                0x000000000800af2e       0x36 ./Drivers/STM32L4xx_HAL_Driver/Src/stm32l4xx_hal_tim.o
 .text.TIM_ETR_SetConfig
                0x000000000800af64       0x40 ./Drivers/STM32L4xx_HAL_Driver/Src/stm32l4xx_hal_tim.o
                0x000000000800af64                TIM_ETR_SetConfig
 .text.TIM_CCxChannelCmd
                0x000000000800afa4       0x4a ./Drivers/STM32L4xx_HAL_Driver/Src/stm32l4xx_hal_tim.o
                0x000000000800afa4                TIM_CCxChannelCmd
 *fill*         0x000000000800afee        0x2 
 .text.HAL_TIMEx_MasterConfigSynchronization
                0x000000000800aff0      0x110 ./Drivers/STM32L4xx_HAL_Driver/Src/stm32l4xx_hal_tim_ex.o
                0x000000000800aff0                HAL_TIMEx_MasterConfigSynchronization
 .text.HAL_TIMEx_CommutCallback
                0x000000000800b100       0x14 ./Drivers/STM32L4xx_HAL_Driver/Src/stm32l4xx_hal_tim_ex.o
                0x000000000800b100                HAL_TIMEx_CommutCallback
 .text.HAL_TIMEx_BreakCallback
                0x000000000800b114       0x14 ./Drivers/STM32L4xx_HAL_Driver/Src/stm32l4xx_hal_tim_ex.o
                0x000000000800b114                HAL_TIMEx_BreakCallback
 .text.HAL_TIMEx_Break2Callback
                0x000000000800b128       0x14 ./Drivers/STM32L4xx_HAL_Driver/Src/stm32l4xx_hal_tim_ex.o
                0x000000000800b128                HAL_TIMEx_Break2Callback
 .text.atoi     0x000000000800b13c        0x8 C:/ST/STM32CubeIDE_1.14.1/STM32CubeIDE/plugins/com.st.stm32cube.ide.mcu.externaltools.gnu-tools-for-stm32.11.3.rel1.win32_1.1.100.202309141235/tools/bin/../lib/gcc/arm-none-eabi/11.3.1/../../../../arm-none-eabi/lib/thumb/v7e-m+fp/hard\libc_nano.a(libc_a-atoi.o)
                0x000000000800b13c                atoi
 .text.malloc   0x000000000800b144       0x10 C:/ST/STM32CubeIDE_1.14.1/STM32CubeIDE/plugins/com.st.stm32cube.ide.mcu.externaltools.gnu-tools-for-stm32.11.3.rel1.win32_1.1.100.202309141235/tools/bin/../lib/gcc/arm-none-eabi/11.3.1/../../../../arm-none-eabi/lib/thumb/v7e-m+fp/hard\libc_nano.a(libc_a-malloc.o)
                0x000000000800b144                malloc
 .text.free     0x000000000800b154       0x10 C:/ST/STM32CubeIDE_1.14.1/STM32CubeIDE/plugins/com.st.stm32cube.ide.mcu.externaltools.gnu-tools-for-stm32.11.3.rel1.win32_1.1.100.202309141235/tools/bin/../lib/gcc/arm-none-eabi/11.3.1/../../../../arm-none-eabi/lib/thumb/v7e-m+fp/hard\libc_nano.a(libc_a-malloc.o)
                0x000000000800b154                free
 .text.sbrk_aligned
                0x000000000800b164       0x40 C:/ST/STM32CubeIDE_1.14.1/STM32CubeIDE/plugins/com.st.stm32cube.ide.mcu.externaltools.gnu-tools-for-stm32.11.3.rel1.win32_1.1.100.202309141235/tools/bin/../lib/gcc/arm-none-eabi/11.3.1/../../../../arm-none-eabi/lib/thumb/v7e-m+fp/hard\libc_nano.a(libc_a-mallocr.o)
 .text._malloc_r
                0x000000000800b1a4      0x100 C:/ST/STM32CubeIDE_1.14.1/STM32CubeIDE/plugins/com.st.stm32cube.ide.mcu.externaltools.gnu-tools-for-stm32.11.3.rel1.win32_1.1.100.202309141235/tools/bin/../lib/gcc/arm-none-eabi/11.3.1/../../../../arm-none-eabi/lib/thumb/v7e-m+fp/hard\libc_nano.a(libc_a-mallocr.o)
                0x000000000800b1a4                _malloc_r
 .text.__malloc_lock
                0x000000000800b2a4        0xc C:/ST/STM32CubeIDE_1.14.1/STM32CubeIDE/plugins/com.st.stm32cube.ide.mcu.externaltools.gnu-tools-for-stm32.11.3.rel1.win32_1.1.100.202309141235/tools/bin/../lib/gcc/arm-none-eabi/11.3.1/../../../../arm-none-eabi/lib/thumb/v7e-m+fp/hard\libc_nano.a(libc_a-mlock.o)
                0x000000000800b2a4                __malloc_lock
 .text.__malloc_unlock
                0x000000000800b2b0        0xc C:/ST/STM32CubeIDE_1.14.1/STM32CubeIDE/plugins/com.st.stm32cube.ide.mcu.externaltools.gnu-tools-for-stm32.11.3.rel1.win32_1.1.100.202309141235/tools/bin/../lib/gcc/arm-none-eabi/11.3.1/../../../../arm-none-eabi/lib/thumb/v7e-m+fp/hard\libc_nano.a(libc_a-mlock.o)
                0x000000000800b2b0                __malloc_unlock
 .text._strtol_l.constprop.0
                0x000000000800b2bc      0x104 C:/ST/STM32CubeIDE_1.14.1/STM32CubeIDE/plugins/com.st.stm32cube.ide.mcu.externaltools.gnu-tools-for-stm32.11.3.rel1.win32_1.1.100.202309141235/tools/bin/../lib/gcc/arm-none-eabi/11.3.1/../../../../arm-none-eabi/lib/thumb/v7e-m+fp/hard\libc_nano.a(libc_a-strtol.o)
 .text._strtol_r
                0x000000000800b3c0        0x4 C:/ST/STM32CubeIDE_1.14.1/STM32CubeIDE/plugins/com.st.stm32cube.ide.mcu.externaltools.gnu-tools-for-stm32.11.3.rel1.win32_1.1.100.202309141235/tools/bin/../lib/gcc/arm-none-eabi/11.3.1/../../../../arm-none-eabi/lib/thumb/v7e-m+fp/hard\libc_nano.a(libc_a-strtol.o)
                0x000000000800b3c0                _strtol_r
 .text.strtol   0x000000000800b3c4       0x14 C:/ST/STM32CubeIDE_1.14.1/STM32CubeIDE/plugins/com.st.stm32cube.ide.mcu.externaltools.gnu-tools-for-stm32.11.3.rel1.win32_1.1.100.202309141235/tools/bin/../lib/gcc/arm-none-eabi/11.3.1/../../../../arm-none-eabi/lib/thumb/v7e-m+fp/hard\libc_nano.a(libc_a-strtol.o)
                0x000000000800b3c4                strtol
 .text.std      0x000000000800b3d8       0x6c C:/ST/STM32CubeIDE_1.14.1/STM32CubeIDE/plugins/com.st.stm32cube.ide.mcu.externaltools.gnu-tools-for-stm32.11.3.rel1.win32_1.1.100.202309141235/tools/bin/../lib/gcc/arm-none-eabi/11.3.1/../../../../arm-none-eabi/lib/thumb/v7e-m+fp/hard\libc_nano.a(libc_a-findfp.o)
 .text.stdio_exit_handler
                0x000000000800b444       0x18 C:/ST/STM32CubeIDE_1.14.1/STM32CubeIDE/plugins/com.st.stm32cube.ide.mcu.externaltools.gnu-tools-for-stm32.11.3.rel1.win32_1.1.100.202309141235/tools/bin/../lib/gcc/arm-none-eabi/11.3.1/../../../../arm-none-eabi/lib/thumb/v7e-m+fp/hard\libc_nano.a(libc_a-findfp.o)
 .text.cleanup_stdio
                0x000000000800b45c       0x40 C:/ST/STM32CubeIDE_1.14.1/STM32CubeIDE/plugins/com.st.stm32cube.ide.mcu.externaltools.gnu-tools-for-stm32.11.3.rel1.win32_1.1.100.202309141235/tools/bin/../lib/gcc/arm-none-eabi/11.3.1/../../../../arm-none-eabi/lib/thumb/v7e-m+fp/hard\libc_nano.a(libc_a-findfp.o)
 .text.global_stdio_init.part.0
                0x000000000800b49c       0x3c C:/ST/STM32CubeIDE_1.14.1/STM32CubeIDE/plugins/com.st.stm32cube.ide.mcu.externaltools.gnu-tools-for-stm32.11.3.rel1.win32_1.1.100.202309141235/tools/bin/../lib/gcc/arm-none-eabi/11.3.1/../../../../arm-none-eabi/lib/thumb/v7e-m+fp/hard\libc_nano.a(libc_a-findfp.o)
 .text.__sfp_lock_acquire
                0x000000000800b4d8        0xc C:/ST/STM32CubeIDE_1.14.1/STM32CubeIDE/plugins/com.st.stm32cube.ide.mcu.externaltools.gnu-tools-for-stm32.11.3.rel1.win32_1.1.100.202309141235/tools/bin/../lib/gcc/arm-none-eabi/11.3.1/../../../../arm-none-eabi/lib/thumb/v7e-m+fp/hard\libc_nano.a(libc_a-findfp.o)
                0x000000000800b4d8                __sfp_lock_acquire
 .text.__sfp_lock_release
                0x000000000800b4e4        0xc C:/ST/STM32CubeIDE_1.14.1/STM32CubeIDE/plugins/com.st.stm32cube.ide.mcu.externaltools.gnu-tools-for-stm32.11.3.rel1.win32_1.1.100.202309141235/tools/bin/../lib/gcc/arm-none-eabi/11.3.1/../../../../arm-none-eabi/lib/thumb/v7e-m+fp/hard\libc_nano.a(libc_a-findfp.o)
                0x000000000800b4e4                __sfp_lock_release
 .text.__sinit  0x000000000800b4f0       0x30 C:/ST/STM32CubeIDE_1.14.1/STM32CubeIDE/plugins/com.st.stm32cube.ide.mcu.externaltools.gnu-tools-for-stm32.11.3.rel1.win32_1.1.100.202309141235/tools/bin/../lib/gcc/arm-none-eabi/11.3.1/../../../../arm-none-eabi/lib/thumb/v7e-m+fp/hard\libc_nano.a(libc_a-findfp.o)
                0x000000000800b4f0                __sinit
 .text._fwalk_sglue
                0x000000000800b520       0x3c C:/ST/STM32CubeIDE_1.14.1/STM32CubeIDE/plugins/com.st.stm32cube.ide.mcu.externaltools.gnu-tools-for-stm32.11.3.rel1.win32_1.1.100.202309141235/tools/bin/../lib/gcc/arm-none-eabi/11.3.1/../../../../arm-none-eabi/lib/thumb/v7e-m+fp/hard\libc_nano.a(libc_a-fwalk.o)
                0x000000000800b520                _fwalk_sglue
 .text.printf   0x000000000800b55c       0x24 C:/ST/STM32CubeIDE_1.14.1/STM32CubeIDE/plugins/com.st.stm32cube.ide.mcu.externaltools.gnu-tools-for-stm32.11.3.rel1.win32_1.1.100.202309141235/tools/bin/../lib/gcc/arm-none-eabi/11.3.1/../../../../arm-none-eabi/lib/thumb/v7e-m+fp/hard\libc_nano.a(libc_a-printf.o)
                0x000000000800b55c                iprintf
                0x000000000800b55c                printf
 .text._puts_r  0x000000000800b580       0xa8 C:/ST/STM32CubeIDE_1.14.1/STM32CubeIDE/plugins/com.st.stm32cube.ide.mcu.externaltools.gnu-tools-for-stm32.11.3.rel1.win32_1.1.100.202309141235/tools/bin/../lib/gcc/arm-none-eabi/11.3.1/../../../../arm-none-eabi/lib/thumb/v7e-m+fp/hard\libc_nano.a(libc_a-puts.o)
                0x000000000800b580                _puts_r
 .text.puts     0x000000000800b628       0x10 C:/ST/STM32CubeIDE_1.14.1/STM32CubeIDE/plugins/com.st.stm32cube.ide.mcu.externaltools.gnu-tools-for-stm32.11.3.rel1.win32_1.1.100.202309141235/tools/bin/../lib/gcc/arm-none-eabi/11.3.1/../../../../arm-none-eabi/lib/thumb/v7e-m+fp/hard\libc_nano.a(libc_a-puts.o)
                0x000000000800b628                puts
 .text.sprintf  0x000000000800b638       0x40 C:/ST/STM32CubeIDE_1.14.1/STM32CubeIDE/plugins/com.st.stm32cube.ide.mcu.externaltools.gnu-tools-for-stm32.11.3.rel1.win32_1.1.100.202309141235/tools/bin/../lib/gcc/arm-none-eabi/11.3.1/../../../../arm-none-eabi/lib/thumb/v7e-m+fp/hard\libc_nano.a(libc_a-sprintf.o)
                0x000000000800b638                siprintf
                0x000000000800b638                sprintf
 .text.sscanf   0x000000000800b678       0x58 C:/ST/STM32CubeIDE_1.14.1/STM32CubeIDE/plugins/com.st.stm32cube.ide.mcu.externaltools.gnu-tools-for-stm32.11.3.rel1.win32_1.1.100.202309141235/tools/bin/../lib/gcc/arm-none-eabi/11.3.1/../../../../arm-none-eabi/lib/thumb/v7e-m+fp/hard\libc_nano.a(libc_a-sscanf.o)
                0x000000000800b678                siscanf
                0x000000000800b678                sscanf
 .text.__sread  0x000000000800b6d0       0x22 C:/ST/STM32CubeIDE_1.14.1/STM32CubeIDE/plugins/com.st.stm32cube.ide.mcu.externaltools.gnu-tools-for-stm32.11.3.rel1.win32_1.1.100.202309141235/tools/bin/../lib/gcc/arm-none-eabi/11.3.1/../../../../arm-none-eabi/lib/thumb/v7e-m+fp/hard\libc_nano.a(libc_a-stdio.o)
                0x000000000800b6d0                __sread
 .text.__seofread
                0x000000000800b6f2        0x4 C:/ST/STM32CubeIDE_1.14.1/STM32CubeIDE/plugins/com.st.stm32cube.ide.mcu.externaltools.gnu-tools-for-stm32.11.3.rel1.win32_1.1.100.202309141235/tools/bin/../lib/gcc/arm-none-eabi/11.3.1/../../../../arm-none-eabi/lib/thumb/v7e-m+fp/hard\libc_nano.a(libc_a-stdio.o)
                0x000000000800b6f2                __seofread
 .text.__swrite
                0x000000000800b6f6       0x38 C:/ST/STM32CubeIDE_1.14.1/STM32CubeIDE/plugins/com.st.stm32cube.ide.mcu.externaltools.gnu-tools-for-stm32.11.3.rel1.win32_1.1.100.202309141235/tools/bin/../lib/gcc/arm-none-eabi/11.3.1/../../../../arm-none-eabi/lib/thumb/v7e-m+fp/hard\libc_nano.a(libc_a-stdio.o)
                0x000000000800b6f6                __swrite
 .text.__sseek  0x000000000800b72e       0x24 C:/ST/STM32CubeIDE_1.14.1/STM32CubeIDE/plugins/com.st.stm32cube.ide.mcu.externaltools.gnu-tools-for-stm32.11.3.rel1.win32_1.1.100.202309141235/tools/bin/../lib/gcc/arm-none-eabi/11.3.1/../../../../arm-none-eabi/lib/thumb/v7e-m+fp/hard\libc_nano.a(libc_a-stdio.o)
                0x000000000800b72e                __sseek
 .text.__sclose
                0x000000000800b752        0x8 C:/ST/STM32CubeIDE_1.14.1/STM32CubeIDE/plugins/com.st.stm32cube.ide.mcu.externaltools.gnu-tools-for-stm32.11.3.rel1.win32_1.1.100.202309141235/tools/bin/../lib/gcc/arm-none-eabi/11.3.1/../../../../arm-none-eabi/lib/thumb/v7e-m+fp/hard\libc_nano.a(libc_a-stdio.o)
                0x000000000800b752                __sclose
 .text.__swbuf_r
                0x000000000800b75a       0x7a C:/ST/STM32CubeIDE_1.14.1/STM32CubeIDE/plugins/com.st.stm32cube.ide.mcu.externaltools.gnu-tools-for-stm32.11.3.rel1.win32_1.1.100.202309141235/tools/bin/../lib/gcc/arm-none-eabi/11.3.1/../../../../arm-none-eabi/lib/thumb/v7e-m+fp/hard\libc_nano.a(libc_a-wbuf.o)
                0x000000000800b75a                __swbuf_r
 .text.__swsetup_r
                0x000000000800b7d4       0xb0 C:/ST/STM32CubeIDE_1.14.1/STM32CubeIDE/plugins/com.st.stm32cube.ide.mcu.externaltools.gnu-tools-for-stm32.11.3.rel1.win32_1.1.100.202309141235/tools/bin/../lib/gcc/arm-none-eabi/11.3.1/../../../../arm-none-eabi/lib/thumb/v7e-m+fp/hard\libc_nano.a(libc_a-wsetup.o)
                0x000000000800b7d4                __swsetup_r
 .text.memset   0x000000000800b884       0x10 C:/ST/STM32CubeIDE_1.14.1/STM32CubeIDE/plugins/com.st.stm32cube.ide.mcu.externaltools.gnu-tools-for-stm32.11.3.rel1.win32_1.1.100.202309141235/tools/bin/../lib/gcc/arm-none-eabi/11.3.1/../../../../arm-none-eabi/lib/thumb/v7e-m+fp/hard\libc_nano.a(libc_a-memset.o)
                0x000000000800b884                memset
 .text.strncmp  0x000000000800b894       0x24 C:/ST/STM32CubeIDE_1.14.1/STM32CubeIDE/plugins/com.st.stm32cube.ide.mcu.externaltools.gnu-tools-for-stm32.11.3.rel1.win32_1.1.100.202309141235/tools/bin/../lib/gcc/arm-none-eabi/11.3.1/../../../../arm-none-eabi/lib/thumb/v7e-m+fp/hard\libc_nano.a(libc_a-strncmp.o)
                0x000000000800b894                strncmp
 .text._close_r
                0x000000000800b8b8       0x20 C:/ST/STM32CubeIDE_1.14.1/STM32CubeIDE/plugins/com.st.stm32cube.ide.mcu.externaltools.gnu-tools-for-stm32.11.3.rel1.win32_1.1.100.202309141235/tools/bin/../lib/gcc/arm-none-eabi/11.3.1/../../../../arm-none-eabi/lib/thumb/v7e-m+fp/hard\libc_nano.a(libc_a-closer.o)
                0x000000000800b8b8                _close_r
 .text._lseek_r
                0x000000000800b8d8       0x24 C:/ST/STM32CubeIDE_1.14.1/STM32CubeIDE/plugins/com.st.stm32cube.ide.mcu.externaltools.gnu-tools-for-stm32.11.3.rel1.win32_1.1.100.202309141235/tools/bin/../lib/gcc/arm-none-eabi/11.3.1/../../../../arm-none-eabi/lib/thumb/v7e-m+fp/hard\libc_nano.a(libc_a-lseekr.o)
                0x000000000800b8d8                _lseek_r
 .text._read_r  0x000000000800b8fc       0x24 C:/ST/STM32CubeIDE_1.14.1/STM32CubeIDE/plugins/com.st.stm32cube.ide.mcu.externaltools.gnu-tools-for-stm32.11.3.rel1.win32_1.1.100.202309141235/tools/bin/../lib/gcc/arm-none-eabi/11.3.1/../../../../arm-none-eabi/lib/thumb/v7e-m+fp/hard\libc_nano.a(libc_a-readr.o)
                0x000000000800b8fc                _read_r
 .text._sbrk_r  0x000000000800b920       0x20 C:/ST/STM32CubeIDE_1.14.1/STM32CubeIDE/plugins/com.st.stm32cube.ide.mcu.externaltools.gnu-tools-for-stm32.11.3.rel1.win32_1.1.100.202309141235/tools/bin/../lib/gcc/arm-none-eabi/11.3.1/../../../../arm-none-eabi/lib/thumb/v7e-m+fp/hard\libc_nano.a(libc_a-sbrkr.o)
                0x000000000800b920                _sbrk_r
 .text._write_r
                0x000000000800b940       0x24 C:/ST/STM32CubeIDE_1.14.1/STM32CubeIDE/plugins/com.st.stm32cube.ide.mcu.externaltools.gnu-tools-for-stm32.11.3.rel1.win32_1.1.100.202309141235/tools/bin/../lib/gcc/arm-none-eabi/11.3.1/../../../../arm-none-eabi/lib/thumb/v7e-m+fp/hard\libc_nano.a(libc_a-writer.o)
                0x000000000800b940                _write_r
 .text.__errno  0x000000000800b964        0xc C:/ST/STM32CubeIDE_1.14.1/STM32CubeIDE/plugins/com.st.stm32cube.ide.mcu.externaltools.gnu-tools-for-stm32.11.3.rel1.win32_1.1.100.202309141235/tools/bin/../lib/gcc/arm-none-eabi/11.3.1/../../../../arm-none-eabi/lib/thumb/v7e-m+fp/hard\libc_nano.a(libc_a-errno.o)
                0x000000000800b964                __errno
 .text.__libc_init_array
                0x000000000800b970       0x48 C:/ST/STM32CubeIDE_1.14.1/STM32CubeIDE/plugins/com.st.stm32cube.ide.mcu.externaltools.gnu-tools-for-stm32.11.3.rel1.win32_1.1.100.202309141235/tools/bin/../lib/gcc/arm-none-eabi/11.3.1/../../../../arm-none-eabi/lib/thumb/v7e-m+fp/hard\libc_nano.a(libc_a-init.o)
                0x000000000800b970                __libc_init_array
 .text.__retarget_lock_init_recursive
                0x000000000800b9b8        0x2 C:/ST/STM32CubeIDE_1.14.1/STM32CubeIDE/plugins/com.st.stm32cube.ide.mcu.externaltools.gnu-tools-for-stm32.11.3.rel1.win32_1.1.100.202309141235/tools/bin/../lib/gcc/arm-none-eabi/11.3.1/../../../../arm-none-eabi/lib/thumb/v7e-m+fp/hard\libc_nano.a(libc_a-lock.o)
                0x000000000800b9b8                __retarget_lock_init_recursive
 .text.__retarget_lock_acquire_recursive
                0x000000000800b9ba        0x2 C:/ST/STM32CubeIDE_1.14.1/STM32CubeIDE/plugins/com.st.stm32cube.ide.mcu.externaltools.gnu-tools-for-stm32.11.3.rel1.win32_1.1.100.202309141235/tools/bin/../lib/gcc/arm-none-eabi/11.3.1/../../../../arm-none-eabi/lib/thumb/v7e-m+fp/hard\libc_nano.a(libc_a-lock.o)
                0x000000000800b9ba                __retarget_lock_acquire_recursive
 .text.__retarget_lock_release_recursive
                0x000000000800b9bc        0x2 C:/ST/STM32CubeIDE_1.14.1/STM32CubeIDE/plugins/com.st.stm32cube.ide.mcu.externaltools.gnu-tools-for-stm32.11.3.rel1.win32_1.1.100.202309141235/tools/bin/../lib/gcc/arm-none-eabi/11.3.1/../../../../arm-none-eabi/lib/thumb/v7e-m+fp/hard\libc_nano.a(libc_a-lock.o)
                0x000000000800b9bc                __retarget_lock_release_recursive
 .text.strcpy   0x000000000800b9be       0x10 C:/ST/STM32CubeIDE_1.14.1/STM32CubeIDE/plugins/com.st.stm32cube.ide.mcu.externaltools.gnu-tools-for-stm32.11.3.rel1.win32_1.1.100.202309141235/tools/bin/../lib/gcc/arm-none-eabi/11.3.1/../../../../arm-none-eabi/lib/thumb/v7e-m+fp/hard\libc_nano.a(libc_a-strcpy.o)
                0x000000000800b9be                strcpy
 *fill*         0x000000000800b9ce        0x2 
 .text._free_r  0x000000000800b9d0       0x98 C:/ST/STM32CubeIDE_1.14.1/STM32CubeIDE/plugins/com.st.stm32cube.ide.mcu.externaltools.gnu-tools-for-stm32.11.3.rel1.win32_1.1.100.202309141235/tools/bin/../lib/gcc/arm-none-eabi/11.3.1/../../../../arm-none-eabi/lib/thumb/v7e-m+fp/hard\libc_nano.a(libc_a-freer.o)
                0x000000000800b9d0                _free_r
 .text.__ssputs_r
                0x000000000800ba68       0xb4 C:/ST/STM32CubeIDE_1.14.1/STM32CubeIDE/plugins/com.st.stm32cube.ide.mcu.externaltools.gnu-tools-for-stm32.11.3.rel1.win32_1.1.100.202309141235/tools/bin/../lib/gcc/arm-none-eabi/11.3.1/../../../../arm-none-eabi/lib/thumb/v7e-m+fp/hard\libc_nano.a(libc_a-nano-svfprintf.o)
                0x000000000800ba68                __ssputs_r
 .text._svfprintf_r
                0x000000000800bb1c      0x1fc C:/ST/STM32CubeIDE_1.14.1/STM32CubeIDE/plugins/com.st.stm32cube.ide.mcu.externaltools.gnu-tools-for-stm32.11.3.rel1.win32_1.1.100.202309141235/tools/bin/../lib/gcc/arm-none-eabi/11.3.1/../../../../arm-none-eabi/lib/thumb/v7e-m+fp/hard\libc_nano.a(libc_a-nano-svfprintf.o)
                0x000000000800bb1c                _svfiprintf_r
                0x000000000800bb1c                _svfprintf_r
 .text._sungetc_r
                0x000000000800bd18       0x7a C:/ST/STM32CubeIDE_1.14.1/STM32CubeIDE/plugins/com.st.stm32cube.ide.mcu.externaltools.gnu-tools-for-stm32.11.3.rel1.win32_1.1.100.202309141235/tools/bin/../lib/gcc/arm-none-eabi/11.3.1/../../../../arm-none-eabi/lib/thumb/v7e-m+fp/hard\libc_nano.a(libc_a-nano-svfscanf.o)
                0x000000000800bd18                _sungetc_r
 .text.__ssrefill_r
                0x000000000800bd92       0x3a C:/ST/STM32CubeIDE_1.14.1/STM32CubeIDE/plugins/com.st.stm32cube.ide.mcu.externaltools.gnu-tools-for-stm32.11.3.rel1.win32_1.1.100.202309141235/tools/bin/../lib/gcc/arm-none-eabi/11.3.1/../../../../arm-none-eabi/lib/thumb/v7e-m+fp/hard\libc_nano.a(libc_a-nano-svfscanf.o)
                0x000000000800bd92                __ssrefill_r
 .text.__ssvfscanf_r
                0x000000000800bdcc      0x2f0 C:/ST/STM32CubeIDE_1.14.1/STM32CubeIDE/plugins/com.st.stm32cube.ide.mcu.externaltools.gnu-tools-for-stm32.11.3.rel1.win32_1.1.100.202309141235/tools/bin/../lib/gcc/arm-none-eabi/11.3.1/../../../../arm-none-eabi/lib/thumb/v7e-m+fp/hard\libc_nano.a(libc_a-nano-svfscanf.o)
                0x000000000800bdcc                __ssvfiscanf_r
                0x000000000800bdcc                __ssvfscanf_r
 .text.__sfputc_r
                0x000000000800c0bc       0x2e C:/ST/STM32CubeIDE_1.14.1/STM32CubeIDE/plugins/com.st.stm32cube.ide.mcu.externaltools.gnu-tools-for-stm32.11.3.rel1.win32_1.1.100.202309141235/tools/bin/../lib/gcc/arm-none-eabi/11.3.1/../../../../arm-none-eabi/lib/thumb/v7e-m+fp/hard\libc_nano.a(libc_a-nano-vfprintf.o)
 .text.__sfputs_r
                0x000000000800c0ea       0x24 C:/ST/STM32CubeIDE_1.14.1/STM32CubeIDE/plugins/com.st.stm32cube.ide.mcu.externaltools.gnu-tools-for-stm32.11.3.rel1.win32_1.1.100.202309141235/tools/bin/../lib/gcc/arm-none-eabi/11.3.1/../../../../arm-none-eabi/lib/thumb/v7e-m+fp/hard\libc_nano.a(libc_a-nano-vfprintf.o)
                0x000000000800c0ea                __sfputs_r
 *fill*         0x000000000800c10e        0x2 
 .text._vfprintf_r
                0x000000000800c110      0x234 C:/ST/STM32CubeIDE_1.14.1/STM32CubeIDE/plugins/com.st.stm32cube.ide.mcu.externaltools.gnu-tools-for-stm32.11.3.rel1.win32_1.1.100.202309141235/tools/bin/../lib/gcc/arm-none-eabi/11.3.1/../../../../arm-none-eabi/lib/thumb/v7e-m+fp/hard\libc_nano.a(libc_a-nano-vfprintf.o)
                0x000000000800c110                _vfprintf_r
                0x000000000800c110                _vfiprintf_r
 .text._printf_common
                0x000000000800c344       0xda C:/ST/STM32CubeIDE_1.14.1/STM32CubeIDE/plugins/com.st.stm32cube.ide.mcu.externaltools.gnu-tools-for-stm32.11.3.rel1.win32_1.1.100.202309141235/tools/bin/../lib/gcc/arm-none-eabi/11.3.1/../../../../arm-none-eabi/lib/thumb/v7e-m+fp/hard\libc_nano.a(libc_a-nano-vfprintf_i.o)
                0x000000000800c344                _printf_common
 *fill*         0x000000000800c41e        0x2 
 .text._printf_i
                0x000000000800c420      0x244 C:/ST/STM32CubeIDE_1.14.1/STM32CubeIDE/plugins/com.st.stm32cube.ide.mcu.externaltools.gnu-tools-for-stm32.11.3.rel1.win32_1.1.100.202309141235/tools/bin/../lib/gcc/arm-none-eabi/11.3.1/../../../../arm-none-eabi/lib/thumb/v7e-m+fp/hard\libc_nano.a(libc_a-nano-vfprintf_i.o)
                0x000000000800c420                _printf_i
 .text._scanf_chars
                0x000000000800c664       0xb4 C:/ST/STM32CubeIDE_1.14.1/STM32CubeIDE/plugins/com.st.stm32cube.ide.mcu.externaltools.gnu-tools-for-stm32.11.3.rel1.win32_1.1.100.202309141235/tools/bin/../lib/gcc/arm-none-eabi/11.3.1/../../../../arm-none-eabi/lib/thumb/v7e-m+fp/hard\libc_nano.a(libc_a-nano-vfscanf_i.o)
                0x000000000800c664                _scanf_chars
 .text._scanf_i
                0x000000000800c718      0x1e8 C:/ST/STM32CubeIDE_1.14.1/STM32CubeIDE/plugins/com.st.stm32cube.ide.mcu.externaltools.gnu-tools-for-stm32.11.3.rel1.win32_1.1.100.202309141235/tools/bin/../lib/gcc/arm-none-eabi/11.3.1/../../../../arm-none-eabi/lib/thumb/v7e-m+fp/hard\libc_nano.a(libc_a-nano-vfscanf_i.o)
                0x000000000800c718                _scanf_i
 .text.__sflush_r
                0x000000000800c900      0x10c C:/ST/STM32CubeIDE_1.14.1/STM32CubeIDE/plugins/com.st.stm32cube.ide.mcu.externaltools.gnu-tools-for-stm32.11.3.rel1.win32_1.1.100.202309141235/tools/bin/../lib/gcc/arm-none-eabi/11.3.1/../../../../arm-none-eabi/lib/thumb/v7e-m+fp/hard\libc_nano.a(libc_a-fflush.o)
                0x000000000800c900                __sflush_r
 .text._fflush_r
                0x000000000800ca0c       0x50 C:/ST/STM32CubeIDE_1.14.1/STM32CubeIDE/plugins/com.st.stm32cube.ide.mcu.externaltools.gnu-tools-for-stm32.11.3.rel1.win32_1.1.100.202309141235/tools/bin/../lib/gcc/arm-none-eabi/11.3.1/../../../../arm-none-eabi/lib/thumb/v7e-m+fp/hard\libc_nano.a(libc_a-fflush.o)
                0x000000000800ca0c                _fflush_r
 .text.__swhatbuf_r
                0x000000000800ca5c       0x4c C:/ST/STM32CubeIDE_1.14.1/STM32CubeIDE/plugins/com.st.stm32cube.ide.mcu.externaltools.gnu-tools-for-stm32.11.3.rel1.win32_1.1.100.202309141235/tools/bin/../lib/gcc/arm-none-eabi/11.3.1/../../../../arm-none-eabi/lib/thumb/v7e-m+fp/hard\libc_nano.a(libc_a-makebuf.o)
                0x000000000800ca5c                __swhatbuf_r
 .text.__smakebuf_r
                0x000000000800caa8       0x78 C:/ST/STM32CubeIDE_1.14.1/STM32CubeIDE/plugins/com.st.stm32cube.ide.mcu.externaltools.gnu-tools-for-stm32.11.3.rel1.win32_1.1.100.202309141235/tools/bin/../lib/gcc/arm-none-eabi/11.3.1/../../../../arm-none-eabi/lib/thumb/v7e-m+fp/hard\libc_nano.a(libc_a-makebuf.o)
                0x000000000800caa8                __smakebuf_r
 .text.__sccl   0x000000000800cb20       0x72 C:/ST/STM32CubeIDE_1.14.1/STM32CubeIDE/plugins/com.st.stm32cube.ide.mcu.externaltools.gnu-tools-for-stm32.11.3.rel1.win32_1.1.100.202309141235/tools/bin/../lib/gcc/arm-none-eabi/11.3.1/../../../../arm-none-eabi/lib/thumb/v7e-m+fp/hard\libc_nano.a(libc_a-sccl.o)
                0x000000000800cb20                __sccl
 .text.__submore
                0x000000000800cb92       0x74 C:/ST/STM32CubeIDE_1.14.1/STM32CubeIDE/plugins/com.st.stm32cube.ide.mcu.externaltools.gnu-tools-for-stm32.11.3.rel1.win32_1.1.100.202309141235/tools/bin/../lib/gcc/arm-none-eabi/11.3.1/../../../../arm-none-eabi/lib/thumb/v7e-m+fp/hard\libc_nano.a(libc_a-ungetc.o)
                0x000000000800cb92                __submore
 .text.memmove  0x000000000800cc06       0x34 C:/ST/STM32CubeIDE_1.14.1/STM32CubeIDE/plugins/com.st.stm32cube.ide.mcu.externaltools.gnu-tools-for-stm32.11.3.rel1.win32_1.1.100.202309141235/tools/bin/../lib/gcc/arm-none-eabi/11.3.1/../../../../arm-none-eabi/lib/thumb/v7e-m+fp/hard\libc_nano.a(libc_a-memmove.o)
                0x000000000800cc06                memmove
 *fill*         0x000000000800cc3a        0x2 
 .text._fstat_r
                0x000000000800cc3c       0x24 C:/ST/STM32CubeIDE_1.14.1/STM32CubeIDE/plugins/com.st.stm32cube.ide.mcu.externaltools.gnu-tools-for-stm32.11.3.rel1.win32_1.1.100.202309141235/tools/bin/../lib/gcc/arm-none-eabi/11.3.1/../../../../arm-none-eabi/lib/thumb/v7e-m+fp/hard\libc_nano.a(libc_a-fstatr.o)
                0x000000000800cc3c                _fstat_r
 .text._isatty_r
                0x000000000800cc60       0x20 C:/ST/STM32CubeIDE_1.14.1/STM32CubeIDE/plugins/com.st.stm32cube.ide.mcu.externaltools.gnu-tools-for-stm32.11.3.rel1.win32_1.1.100.202309141235/tools/bin/../lib/gcc/arm-none-eabi/11.3.1/../../../../arm-none-eabi/lib/thumb/v7e-m+fp/hard\libc_nano.a(libc_a-isattyr.o)
                0x000000000800cc60                _isatty_r
 .text.memcpy   0x000000000800cc80       0x1c C:/ST/STM32CubeIDE_1.14.1/STM32CubeIDE/plugins/com.st.stm32cube.ide.mcu.externaltools.gnu-tools-for-stm32.11.3.rel1.win32_1.1.100.202309141235/tools/bin/../lib/gcc/arm-none-eabi/11.3.1/../../../../arm-none-eabi/lib/thumb/v7e-m+fp/hard\libc_nano.a(libc_a-memcpy-stub.o)
                0x000000000800cc80                memcpy
 .text._realloc_r
                0x000000000800cc9c       0x5e C:/ST/STM32CubeIDE_1.14.1/STM32CubeIDE/plugins/com.st.stm32cube.ide.mcu.externaltools.gnu-tools-for-stm32.11.3.rel1.win32_1.1.100.202309141235/tools/bin/../lib/gcc/arm-none-eabi/11.3.1/../../../../arm-none-eabi/lib/thumb/v7e-m+fp/hard\libc_nano.a(libc_a-reallocr.o)
                0x000000000800cc9c                _realloc_r
 *fill*         0x000000000800ccfa        0x2 
 .text._strtoul_l.constprop.0
                0x000000000800ccfc       0xe4 C:/ST/STM32CubeIDE_1.14.1/STM32CubeIDE/plugins/com.st.stm32cube.ide.mcu.externaltools.gnu-tools-for-stm32.11.3.rel1.win32_1.1.100.202309141235/tools/bin/../lib/gcc/arm-none-eabi/11.3.1/../../../../arm-none-eabi/lib/thumb/v7e-m+fp/hard\libc_nano.a(libc_a-strtoul.o)
 .text._strtoul_r
                0x000000000800cde0        0x4 C:/ST/STM32CubeIDE_1.14.1/STM32CubeIDE/plugins/com.st.stm32cube.ide.mcu.externaltools.gnu-tools-for-stm32.11.3.rel1.win32_1.1.100.202309141235/tools/bin/../lib/gcc/arm-none-eabi/11.3.1/../../../../arm-none-eabi/lib/thumb/v7e-m+fp/hard\libc_nano.a(libc_a-strtoul.o)
                0x000000000800cde0                _strtoul_r
 .text._malloc_usable_size_r
                0x000000000800cde4       0x10 C:/ST/STM32CubeIDE_1.14.1/STM32CubeIDE/plugins/com.st.stm32cube.ide.mcu.externaltools.gnu-tools-for-stm32.11.3.rel1.win32_1.1.100.202309141235/tools/bin/../lib/gcc/arm-none-eabi/11.3.1/../../../../arm-none-eabi/lib/thumb/v7e-m+fp/hard\libc_nano.a(libc_a-msizer.o)
                0x000000000800cde4                _malloc_usable_size_r
 *(.glue_7)
 .glue_7        0x000000000800cdf4        0x0 linker stubs
 *(.glue_7t)
 .glue_7t       0x000000000800cdf4        0x0 linker stubs
 *(.eh_frame)
 .eh_frame      0x000000000800cdf4        0x0 C:/ST/STM32CubeIDE_1.14.1/STM32CubeIDE/plugins/com.st.stm32cube.ide.mcu.externaltools.gnu-tools-for-stm32.11.3.rel1.win32_1.1.100.202309141235/tools/bin/../lib/gcc/arm-none-eabi/11.3.1/thumb/v7e-m+fp/hard/crtbegin.o
 *(.init)
 .init          0x000000000800cdf4        0x4 C:/ST/STM32CubeIDE_1.14.1/STM32CubeIDE/plugins/com.st.stm32cube.ide.mcu.externaltools.gnu-tools-for-stm32.11.3.rel1.win32_1.1.100.202309141235/tools/bin/../lib/gcc/arm-none-eabi/11.3.1/thumb/v7e-m+fp/hard/crti.o
                0x000000000800cdf4                _init
 .init          0x000000000800cdf8        0x8 C:/ST/STM32CubeIDE_1.14.1/STM32CubeIDE/plugins/com.st.stm32cube.ide.mcu.externaltools.gnu-tools-for-stm32.11.3.rel1.win32_1.1.100.202309141235/tools/bin/../lib/gcc/arm-none-eabi/11.3.1/thumb/v7e-m+fp/hard/crtn.o
 *(.fini)
 .fini          0x000000000800ce00        0x4 C:/ST/STM32CubeIDE_1.14.1/STM32CubeIDE/plugins/com.st.stm32cube.ide.mcu.externaltools.gnu-tools-for-stm32.11.3.rel1.win32_1.1.100.202309141235/tools/bin/../lib/gcc/arm-none-eabi/11.3.1/thumb/v7e-m+fp/hard/crti.o
                0x000000000800ce00                _fini
 .fini          0x000000000800ce04        0x8 C:/ST/STM32CubeIDE_1.14.1/STM32CubeIDE/plugins/com.st.stm32cube.ide.mcu.externaltools.gnu-tools-for-stm32.11.3.rel1.win32_1.1.100.202309141235/tools/bin/../lib/gcc/arm-none-eabi/11.3.1/thumb/v7e-m+fp/hard/crtn.o
                0x000000000800ce0c                . = ALIGN (0x4)
                0x000000000800ce0c                _etext = .

.vfp11_veneer   0x000000000800ce0c        0x0
 .vfp11_veneer  0x000000000800ce0c        0x0 linker stubs

.v4_bx          0x000000000800ce0c        0x0
 .v4_bx         0x000000000800ce0c        0x0 linker stubs

.iplt           0x000000000800ce0c        0x0
 .iplt          0x000000000800ce0c        0x0 C:/ST/STM32CubeIDE_1.14.1/STM32CubeIDE/plugins/com.st.stm32cube.ide.mcu.externaltools.gnu-tools-for-stm32.11.3.rel1.win32_1.1.100.202309141235/tools/bin/../lib/gcc/arm-none-eabi/11.3.1/thumb/v7e-m+fp/hard/crtbegin.o

.rodata         0x000000000800ce0c    0x41338
                0x000000000800ce0c                . = ALIGN (0x4)
 *(.rodata)
 .rodata        0x000000000800ce0c      0x1ed ./Drivers/Communication/communication.o
 *fill*         0x000000000800cff9        0x3 
 .rodata        0x000000000800cffc       0x12 ./Drivers/Ethernet/dhcp.o
 *fill*         0x000000000800d00e        0x2 
 .rodata        0x000000000800d010        0xc C:/ST/STM32CubeIDE_1.14.1/STM32CubeIDE/plugins/com.st.stm32cube.ide.mcu.externaltools.gnu-tools-for-stm32.11.3.rel1.win32_1.1.100.202309141235/tools/bin/../lib/gcc/arm-none-eabi/11.3.1/../../../../arm-none-eabi/lib/thumb/v7e-m+fp/hard\libc_nano.a(libc_a-nano-vfscanf_i.o)
 *(.rodata*)
 .rodata.AHBPrescTable
                0x000000000800d01c       0x10 ./Core/Src/system_stm32l4xx.o
                0x000000000800d01c                AHBPrescTable
 .rodata.MSIRangeTable
                0x000000000800d02c       0x30 ./Core/Src/system_stm32l4xx.o
                0x000000000800d02c                MSIRangeTable
 .rodata.piktogramm_buero
                0x000000000800d05c     0x1880 ./Drivers/Display/skins.o
                0x000000000800d05c                piktogramm_buero
 .rodata.piktogramm_vorlesung
                0x000000000800e8dc     0x1880 ./Drivers/Display/skins.o
                0x000000000800e8dc                piktogramm_vorlesung
 .rodata.piktogramm_chip
                0x000000000801015c     0x1880 ./Drivers/Display/skins.o
                0x000000000801015c                piktogramm_chip
 .rodata.piktogramm_leise
                0x00000000080119dc     0x1880 ./Drivers/Display/skins.o
                0x00000000080119dc                piktogramm_leise
 .rodata.Background_Lecture_Room
                0x000000000801325c     0xbb80 ./Drivers/Display/skins.o
                0x000000000801325c                Background_Lecture_Room
 .rodata.Background_Office
                0x000000000801eddc     0xbb80 ./Drivers/Display/skins.o
                0x000000000801eddc                Background_Office
 .rodata.Font_Lucida_18_Table
                0x000000000802a95c     0x13ec ./Fonts/font_lucida_18.o
                0x000000000802a95c                Font_Lucida_18_Table
 .rodata.Font_Lucida_18b_Table
                0x000000000802bd48     0x14b8 ./Fonts/font_lucida_18b.o
                0x000000000802bd48                Font_Lucida_18b_Table
 .rodata.Font_Lucida_24b_Table
                0x000000000802d200     0x2772 ./Fonts/font_lucida_24b.o
                0x000000000802d200                Font_Lucida_24b_Table
 *fill*         0x000000000802f972        0x2 
 .rodata.Font_Lucida_30b_Table
                0x000000000802f974     0x42f0 ./Fonts/font_lucida_30b.o
                0x000000000802f974                Font_Lucida_30b_Table
 .rodata.Font_Lucida_80b_Table
                0x0000000008033c64    0x1a38e ./Fonts/font_lucida_80b.o
                0x0000000008033c64                Font_Lucida_80b_Table
 .rodata._ctype_
                0x000000000804dff2      0x101 C:/ST/STM32CubeIDE_1.14.1/STM32CubeIDE/plugins/com.st.stm32cube.ide.mcu.externaltools.gnu-tools-for-stm32.11.3.rel1.win32_1.1.100.202309141235/tools/bin/../lib/gcc/arm-none-eabi/11.3.1/../../../../arm-none-eabi/lib/thumb/v7e-m+fp/hard\libc_nano.a(libc_a-ctype_.o)
                0x000000000804dff2                _ctype_
 .rodata._svfprintf_r.str1.1
                0x000000000804e0f3       0x11 C:/ST/STM32CubeIDE_1.14.1/STM32CubeIDE/plugins/com.st.stm32cube.ide.mcu.externaltools.gnu-tools-for-stm32.11.3.rel1.win32_1.1.100.202309141235/tools/bin/../lib/gcc/arm-none-eabi/11.3.1/../../../../arm-none-eabi/lib/thumb/v7e-m+fp/hard\libc_nano.a(libc_a-nano-svfprintf.o)
 .rodata.__ssvfscanf_r.str1.1
                0x000000000804e104        0x4 C:/ST/STM32CubeIDE_1.14.1/STM32CubeIDE/plugins/com.st.stm32cube.ide.mcu.externaltools.gnu-tools-for-stm32.11.3.rel1.win32_1.1.100.202309141235/tools/bin/../lib/gcc/arm-none-eabi/11.3.1/../../../../arm-none-eabi/lib/thumb/v7e-m+fp/hard\libc_nano.a(libc_a-nano-svfscanf.o)
 .rodata._vfprintf_r.str1.1
                0x000000000804e104       0x11 C:/ST/STM32CubeIDE_1.14.1/STM32CubeIDE/plugins/com.st.stm32cube.ide.mcu.externaltools.gnu-tools-for-stm32.11.3.rel1.win32_1.1.100.202309141235/tools/bin/../lib/gcc/arm-none-eabi/11.3.1/../../../../arm-none-eabi/lib/thumb/v7e-m+fp/hard\libc_nano.a(libc_a-nano-vfprintf.o)
 .rodata._printf_i.str1.1
                0x000000000804e104       0x22 C:/ST/STM32CubeIDE_1.14.1/STM32CubeIDE/plugins/com.st.stm32cube.ide.mcu.externaltools.gnu-tools-for-stm32.11.3.rel1.win32_1.1.100.202309141235/tools/bin/../lib/gcc/arm-none-eabi/11.3.1/../../../../arm-none-eabi/lib/thumb/v7e-m+fp/hard\libc_nano.a(libc_a-nano-vfprintf_i.o)
 .rodata._scanf_i.str1.1
                0x000000000804e126       0x12 C:/ST/STM32CubeIDE_1.14.1/STM32CubeIDE/plugins/com.st.stm32cube.ide.mcu.externaltools.gnu-tools-for-stm32.11.3.rel1.win32_1.1.100.202309141235/tools/bin/../lib/gcc/arm-none-eabi/11.3.1/../../../../arm-none-eabi/lib/thumb/v7e-m+fp/hard\libc_nano.a(libc_a-nano-vfscanf_i.o)
 .rodata.str1.1
                0x000000000804e138        0x9 C:/ST/STM32CubeIDE_1.14.1/STM32CubeIDE/plugins/com.st.stm32cube.ide.mcu.externaltools.gnu-tools-for-stm32.11.3.rel1.win32_1.1.100.202309141235/tools/bin/../lib/gcc/arm-none-eabi/11.3.1/../../../../arm-none-eabi/lib/thumb/v7e-m+fp/hard\libc_nano.a(libc_a-nano-vfscanf_i.o)
                0x000000000804e144                . = ALIGN (0x4)
 *fill*         0x000000000804e141        0x3 

.rel.dyn        0x000000000804e144        0x0
 .rel.iplt      0x000000000804e144        0x0 C:/ST/STM32CubeIDE_1.14.1/STM32CubeIDE/plugins/com.st.stm32cube.ide.mcu.externaltools.gnu-tools-for-stm32.11.3.rel1.win32_1.1.100.202309141235/tools/bin/../lib/gcc/arm-none-eabi/11.3.1/thumb/v7e-m+fp/hard/crtbegin.o

.ARM.extab      0x000000000804e144        0x0
                0x000000000804e144                . = ALIGN (0x4)
 *(.ARM.extab* .gnu.linkonce.armextab.*)
                0x000000000804e144                . = ALIGN (0x4)

.ARM            0x000000000804e144        0x0
                0x000000000804e144                . = ALIGN (0x4)
                0x000000000804e144                __exidx_start = .
 *(.ARM.exidx*)
                0x000000000804e144                __exidx_end = .
                0x000000000804e144                . = ALIGN (0x4)

.preinit_array  0x000000000804e144        0x0
                0x000000000804e144                . = ALIGN (0x4)
                0x000000000804e144                PROVIDE (__preinit_array_start = .)
 *(.preinit_array*)
                0x000000000804e144                PROVIDE (__preinit_array_end = .)
                0x000000000804e144                . = ALIGN (0x4)

.init_array     0x000000000804e144        0x4
                0x000000000804e144                . = ALIGN (0x4)
                0x000000000804e144                PROVIDE (__init_array_start = .)
 *(SORT_BY_NAME(.init_array.*))
 *(.init_array*)
 .init_array    0x000000000804e144        0x4 C:/ST/STM32CubeIDE_1.14.1/STM32CubeIDE/plugins/com.st.stm32cube.ide.mcu.externaltools.gnu-tools-for-stm32.11.3.rel1.win32_1.1.100.202309141235/tools/bin/../lib/gcc/arm-none-eabi/11.3.1/thumb/v7e-m+fp/hard/crtbegin.o
                0x000000000804e148                PROVIDE (__init_array_end = .)
                0x000000000804e148                . = ALIGN (0x4)

.fini_array     0x000000000804e148        0x4
                0x000000000804e148                . = ALIGN (0x4)
                [!provide]                        PROVIDE (__fini_array_start = .)
 *(SORT_BY_NAME(.fini_array.*))
 *(.fini_array*)
 .fini_array    0x000000000804e148        0x4 C:/ST/STM32CubeIDE_1.14.1/STM32CubeIDE/plugins/com.st.stm32cube.ide.mcu.externaltools.gnu-tools-for-stm32.11.3.rel1.win32_1.1.100.202309141235/tools/bin/../lib/gcc/arm-none-eabi/11.3.1/thumb/v7e-m+fp/hard/crtbegin.o
                [!provide]                        PROVIDE (__fini_array_end = .)
                0x000000000804e14c                . = ALIGN (0x4)
                0x000000000804e14c                _sidata = LOADADDR (.data)

.data           0x0000000020000000      0x1e4 load address 0x000000000804e14c
                0x0000000020000000                . = ALIGN (0x4)
                0x0000000020000000                _sdata = .
 *(.data)
 *(.data*)
 .data.SystemCoreClock
                0x0000000020000000        0x4 ./Core/Src/system_stm32l4xx.o
                0x0000000020000000                SystemCoreClock
 .data.u8Socket
                0x0000000020000004        0x1 ./Drivers/Communication/communication.o
                0x0000000020000004                u8Socket
 *fill*         0x0000000020000005        0x3 
 .data.bufSize  0x0000000020000008        0x4 ./Drivers/Communication/communication.o
                0x0000000020000008                bufSize
 .data.netInfo  0x000000002000000c       0x17 ./Drivers/Communication/communication.o
                0x000000002000000c                netInfo
 *fill*         0x0000000020000023        0x1 
 .data.u8ServerIP
                0x0000000020000024        0x4 ./Drivers/Communication/communication.o
                0x0000000020000024                u8ServerIP
 .data.Voltage_Frame_7IN5_V2
                0x0000000020000028        0x7 ./Drivers/Display/EPD_7in5_V2.o
                0x0000000020000028                Voltage_Frame_7IN5_V2
 *fill*         0x000000002000002f        0x1 
 .data.LUT_VCOM_7IN5_V2
                0x0000000020000030       0x2a ./Drivers/Display/EPD_7in5_V2.o
                0x0000000020000030                LUT_VCOM_7IN5_V2
 *fill*         0x000000002000005a        0x2 
 .data.LUT_WW_7IN5_V2
                0x000000002000005c       0x2a ./Drivers/Display/EPD_7in5_V2.o
                0x000000002000005c                LUT_WW_7IN5_V2
 *fill*         0x0000000020000086        0x2 
 .data.LUT_BW_7IN5_V2
                0x0000000020000088       0x2a ./Drivers/Display/EPD_7in5_V2.o
                0x0000000020000088                LUT_BW_7IN5_V2
 *fill*         0x00000000200000b2        0x2 
 .data.LUT_WB_7IN5_V2
                0x00000000200000b4       0x2a ./Drivers/Display/EPD_7in5_V2.o
                0x00000000200000b4                LUT_WB_7IN5_V2
 *fill*         0x00000000200000de        0x2 
 .data.LUT_BB_7IN5_V2
                0x00000000200000e0       0x2a ./Drivers/Display/EPD_7in5_V2.o
                0x00000000200000e0                LUT_BB_7IN5_V2
 *fill*         0x000000002000010a        0x2 
 .data.dhcp_lease_time
                0x000000002000010c        0x4 ./Drivers/Ethernet/dhcp.o
                0x000000002000010c                dhcp_lease_time
 .data.dhcp_tick_next
                0x0000000020000110        0x4 ./Drivers/Ethernet/dhcp.o
                0x0000000020000110                dhcp_tick_next
 .data.HOST_NAME
                0x0000000020000114        0x8 ./Drivers/Ethernet/dhcp.o
                0x0000000020000114                HOST_NAME
 .data.dhcp_ip_assign
                0x000000002000011c        0x4 ./Drivers/Ethernet/dhcp.o
                0x000000002000011c                dhcp_ip_assign
 .data.dhcp_ip_update
                0x0000000020000120        0x4 ./Drivers/Ethernet/dhcp.o
                0x0000000020000120                dhcp_ip_update
 .data.dhcp_ip_conflict
                0x0000000020000124        0x4 ./Drivers/Ethernet/dhcp.o
                0x0000000020000124                dhcp_ip_conflict
 .data.sock_any_port
                0x0000000020000128        0x2 ./Drivers/Ethernet/socket.o
 *fill*         0x000000002000012a        0x2 
 .data.WIZCHIP  0x000000002000012c       0x2c ./Drivers/Ethernet/wizchip_conf.o
                0x000000002000012c                WIZCHIP
 .data.uwTickPrio
                0x0000000020000158        0x4 ./Drivers/STM32L4xx_HAL_Driver/Src/stm32l4xx_hal.o
                0x0000000020000158                uwTickPrio
 .data.uwTickFreq
                0x000000002000015c        0x1 ./Drivers/STM32L4xx_HAL_Driver/Src/stm32l4xx_hal.o
                0x000000002000015c                uwTickFreq
 *fill*         0x000000002000015d        0x3 
 .data.Font_Lucida_18
                0x0000000020000160        0x8 ./Fonts/font_lucida_18.o
                0x0000000020000160                Font_Lucida_18
 .data.Font_Lucida_18b
                0x0000000020000168        0x8 ./Fonts/font_lucida_18b.o
                0x0000000020000168                Font_Lucida_18b
 .data.Font_Lucida_24b
                0x0000000020000170        0x8 ./Fonts/font_lucida_24b.o
                0x0000000020000170                Font_Lucida_24b
 .data.Font_Lucida_30b
                0x0000000020000178        0x8 ./Fonts/font_lucida_30b.o
                0x0000000020000178                Font_Lucida_30b
 .data.Font_Lucida_80b
                0x0000000020000180        0x8 ./Fonts/font_lucida_80b.o
                0x0000000020000180                Font_Lucida_80b
 .data.__sglue  0x0000000020000188        0xc C:/ST/STM32CubeIDE_1.14.1/STM32CubeIDE/plugins/com.st.stm32cube.ide.mcu.externaltools.gnu-tools-for-stm32.11.3.rel1.win32_1.1.100.202309141235/tools/bin/../lib/gcc/arm-none-eabi/11.3.1/../../../../arm-none-eabi/lib/thumb/v7e-m+fp/hard\libc_nano.a(libc_a-findfp.o)
                0x0000000020000188                __sglue
 .data._impure_data
                0x0000000020000194       0x4c C:/ST/STM32CubeIDE_1.14.1/STM32CubeIDE/plugins/com.st.stm32cube.ide.mcu.externaltools.gnu-tools-for-stm32.11.3.rel1.win32_1.1.100.202309141235/tools/bin/../lib/gcc/arm-none-eabi/11.3.1/../../../../arm-none-eabi/lib/thumb/v7e-m+fp/hard\libc_nano.a(libc_a-impure.o)
                0x0000000020000194                _impure_data
 .data._impure_ptr
                0x00000000200001e0        0x4 C:/ST/STM32CubeIDE_1.14.1/STM32CubeIDE/plugins/com.st.stm32cube.ide.mcu.externaltools.gnu-tools-for-stm32.11.3.rel1.win32_1.1.100.202309141235/tools/bin/../lib/gcc/arm-none-eabi/11.3.1/../../../../arm-none-eabi/lib/thumb/v7e-m+fp/hard\libc_nano.a(libc_a-impure.o)
                0x00000000200001e0                _impure_ptr
 *(.RamFunc)
 *(.RamFunc*)
                0x00000000200001e4                . = ALIGN (0x4)
                0x00000000200001e4                _edata = .

.igot.plt       0x00000000200001e4        0x0 load address 0x000000000804e330
 .igot.plt      0x00000000200001e4        0x0 C:/ST/STM32CubeIDE_1.14.1/STM32CubeIDE/plugins/com.st.stm32cube.ide.mcu.externaltools.gnu-tools-for-stm32.11.3.rel1.win32_1.1.100.202309141235/tools/bin/../lib/gcc/arm-none-eabi/11.3.1/thumb/v7e-m+fp/hard/crtbegin.o
                0x00000000200001e4                . = ALIGN (0x4)

.bss            0x00000000200001e4      0x608 load address 0x000000000804e330
                0x00000000200001e4                _sbss = .
                0x00000000200001e4                __bss_start__ = _sbss
 *(.bss)
 .bss           0x00000000200001e4       0x1c C:/ST/STM32CubeIDE_1.14.1/STM32CubeIDE/plugins/com.st.stm32cube.ide.mcu.externaltools.gnu-tools-for-stm32.11.3.rel1.win32_1.1.100.202309141235/tools/bin/../lib/gcc/arm-none-eabi/11.3.1/thumb/v7e-m+fp/hard/crtbegin.o
 *(.bss*)
 .bss.hrtc      0x0000000020000200       0x24 ./Core/Src/main.o
                0x0000000020000200                hrtc
 .bss.hspi2     0x0000000020000224       0x64 ./Core/Src/main.o
                0x0000000020000224                hspi2
 .bss.hspi3     0x0000000020000288       0x64 ./Core/Src/main.o
                0x0000000020000288                hspi3
 .bss.htim1     0x00000000200002ec       0x4c ./Core/Src/main.o
                0x00000000200002ec                htim1
 .bss.htim2     0x0000000020000338       0x4c ./Core/Src/main.o
                0x0000000020000338                htim2
 .bss.htim3     0x0000000020000384       0x4c ./Core/Src/main.o
                0x0000000020000384                htim3
 .bss.htim5     0x00000000200003d0       0x4c ./Core/Src/main.o
                0x00000000200003d0                htim5
 .bss.__sbrk_heap_end
                0x000000002000041c        0x4 ./Core/Src/sysmem.o
 .bss.u8ReturnLAN
                0x0000000020000420        0x1 ./Drivers/Communication/communication.o
                0x0000000020000420                u8ReturnLAN
 *fill*         0x0000000020000421        0x1 
 .bss.u16Received_Len
                0x0000000020000422        0x2 ./Drivers/Communication/communication.o
                0x0000000020000422                u16Received_Len
 .bss.RSR_Len   0x0000000020000424        0x2 ./Drivers/Communication/communication.o
                0x0000000020000424                RSR_Len