C:/Users/yvogt/OneDrive/infopanels/Software/Infopanel_PoE/Drivers/JSMN/jsmn.h:106:19:jsmn_alloc_token	32	static
C:/Users/yvogt/OneDrive/infopanels/Software/Infopanel_PoE/Drivers/JSMN/jsmn.h:124:13:jsmn_fill_token	24	static
C:/Users/yvogt/OneDrive/infopanels/Software/Infopanel_PoE/Drivers/JSMN/jsmn.h:135:12:jsmn_parse_primitive	32	static
C:/Users/yvogt/OneDrive/infopanels/Software/Infopanel_PoE/Drivers/JSMN/jsmn.h:193:12:jsmn_parse_string	40	static
C:/Users/yvogt/OneDrive/infopanels/Software/Infopanel_PoE/Drivers/JSMN/jsmn.h:268:14:jsmn_parse	56	static
C:/Users/yvogt/OneDrive/infopanels/Software/Infopanel_PoE/Drivers/JSMN/jsmn.h:459:15:jsmn_init	16	static
../Drivers/Communication/communication.c:35:9:u8Connection_Loop	8	static
../Drivers/Communication/communication.c:58:12:jsoneq	24	static
../Drivers/Communication/communication.c:67:6:cs_sel	8	static
../Drivers/Communication/communication.c:72:6:cs_desel	8	static
../Drivers/Communication/communication.c:77:9:spi_rb	16	static
../Drivers/Communication/communication.c:83:6:spi_wb	16	static
../Drivers/Communication/communication.c:88:6:check_phy_link	16	static
../Drivers/Communication/communication.c:100:9:dhcp_process	24	static
../Drivers/Communication/communication.c:146:9:u8Init_Ethernet	568	static
../Drivers/Communication/communication.c:197:9:u8New_TCP_Socket	16	static
../Drivers/Communication/communication.c:207:9:u8Close_TCP_Socket	8	static
../Drivers/Communication/communication.c:219:9:u8New_TCP_Connetion	8	static
../Drivers/Communication/communication.c:229:9:u8Waiting_For_Reply	16	static
../Drivers/Communication/communication.c:258:10:u8Pull_Request	280	static
../Drivers/Communication/communication.c:266:9:u8Use_Data	2872	static
