../Core/Src/main.c:93:5:main	8	static
../Core/Src/main.c:165:6:SystemClock_Config	96	static
../Core/Src/main.c:216:13:MX_RTC_Init	8	static
../Core/Src/main.c:252:13:MX_SPI2_Init	8	static
../Core/Src/main.c:292:13:MX_SPI3_Init	8	static
../Core/Src/main.c:332:13:MX_TIM1_Init	40	static
../Core/Src/main.c:379:13:MX_TIM2_Init	40	static
../Core/Src/main.c:424:13:MX_TIM3_Init	40	static
../Core/Src/main.c:469:13:MX_TIM5_Init	64	static
../Core/Src/main.c:528:13:MX_GPIO_Init	48	static
../Core/Src/main.c:691:6:Error_Handler	4	static,ignoring_inline_asm
